 PhysXCooking_64

 Timestamp is 6429f6a3 (Sun Apr  2 23:41:55 2023)

 Preferred load address is 0000000180000000

 Start         Length     Name                   Class
 0001:00000000 00000120H .text$di                CODE
 0001:00000120 00008990H .text$mn                CODE
 0001:00008ab0 00000040H .text$mn$00             CODE
 0001:00008af0 00000100H .text$x                 CODE
 0002:00000000 00000230H .idata$5                DATA
 0002:00000230 00000038H .00cfg                  DATA
 0002:00000268 00000008H .CRT$XCA                DATA
 0002:00000270 00000030H .CRT$XCU                DATA
 0002:000002a0 00000008H .CRT$XCZ                DATA
 0002:000002a8 00000008H .CRT$XIA                DATA
 0002:000002b0 00000008H .CRT$XIZ                DATA
 0002:000002b8 00000008H .CRT$XPA                DATA
 0002:000002c0 00000008H .CRT$XPZ                DATA
 0002:000002c8 00000008H .CRT$XTA                DATA
 0002:000002d0 00000010H .CRT$XTZ                DATA
 0002:000002d8 00000000H .gehcont$y              DATA
 0002:000002d8 00000000H .gfids$y                DATA
 0002:000002e0 00000f20H .rdata                  DATA
 0002:00001200 00000080H .rdata$CastGuardVftablesA DATA
 0002:00001280 00000080H .rdata$CastGuardVftablesC DATA
 0002:00001300 00000074H .rdata$r                DATA
 0002:00001374 000000ccH .rdata$voltmd           DATA
 0002:00001440 00000418H .rdata$zzzdbg           DATA
 0002:00001858 00000008H .rtc$IAA                DATA
 0002:00001860 00000010H .rtc$IMZ                DATA
 0002:00001870 00000008H .rtc$IZZ                DATA
 0002:00001878 00000008H .rtc$TAA                DATA
 0002:00001880 00000010H .rtc$TMZ                DATA
 0002:00001890 00000008H .rtc$TZZ                DATA
 0002:00001898 00000a2cH .xdata                  DATA
 0002:000022c4 00000040H .didat$2                DATA
 0002:00002304 00000024H .didat$3                DATA
 0002:00002328 000000f8H .didat$4                DATA
 0002:00002420 00000300H .didat$6                DATA
 0002:00002720 00000100H .didat$7                DATA
 0002:00002820 00000e04H .edata                  DATA
 0002:00003624 0000003cH .idata$2                DATA
 0002:00003660 00000018H .idata$3                DATA
 0002:00003678 00000230H .idata$4                DATA
 0002:000038a8 00000552H .idata$6                DATA
 0003:00000000 00000058H .data                   DATA
 0003:00000058 000000b8H .data$r                 DATA
 0003:00000110 00000020H .data$rs                DATA
 0003:00000130 00000100H .didat$5                DATA
 0003:00000230 000006c8H .bss                    DATA
 0004:00000000 00000c90H .pdata                  DATA
 0005:00000000 000000a0H .rsrc$01                DATA
 0005:000000a0 000004b0H .rsrc$02                DATA

  Address         Publics by Value              Rva+Base               Lib:Object

 0000:00000000       __AbsoluteZero             0000000000000000     <absolute>
 0000:00000000       ___safe_se_handler_count   0000000000000000     <absolute>
 0000:00000000       ___safe_se_handler_table   0000000000000000     <absolute>
 0000:00000000       __arm64x_extra_rfe_table   0000000000000000     <absolute>
 0000:00000000       __arm64x_extra_rfe_table_size 0000000000000000     <absolute>
 0000:00000000       __arm64x_native_entrypoint 0000000000000000     <absolute>
 0000:00000000       __arm64x_redirection_metadata 0000000000000000     <absolute>
 0000:00000000       __arm64x_redirection_metadata_count 0000000000000000     <absolute>
 0000:00000000       __dynamic_value_reloc_table 0000000000000000     <absolute>
 0000:00000000       __enclave_config           0000000000000000     <absolute>
 0000:00000000       __guard_check_icall_a64n_fptr 0000000000000000     <absolute>
 0000:00000000       __guard_eh_cont_count      0000000000000000     <absolute>
 0000:00000000       __guard_eh_cont_table      0000000000000000     <absolute>
 0000:00000000       __guard_fids_count         0000000000000000     <absolute>
 0000:00000000       __guard_fids_table         0000000000000000     <absolute>
 0000:00000000       __guard_iat_count          0000000000000000     <absolute>
 0000:00000000       __guard_iat_table          0000000000000000     <absolute>
 0000:00000000       __guard_longjmp_count      0000000000000000     <absolute>
 0000:00000000       __guard_longjmp_table      0000000000000000     <absolute>
 0000:00000000       __hybrid_auxiliary_iat     0000000000000000     <absolute>
 0000:00000000       __hybrid_auxiliary_iat_copy 0000000000000000     <absolute>
 0000:00000000       __hybrid_code_map          0000000000000000     <absolute>
 0000:00000000       __hybrid_code_map_count    0000000000000000     <absolute>
 0000:00000000       __x64_code_ranges_to_entry_points 0000000000000000     <absolute>
 0000:00000000       __x64_code_ranges_to_entry_points_count 0000000000000000     <absolute>
 0000:00000100       __guard_flags              0000000000000100     <absolute>
 0000:00000000       __ImageBase                0000000180000000     <linker-defined>
 0001:00000120       PxCreateCooking            0000000180001120 f   Cooking.obj
 0001:00000210       PxGetStandaloneInsertionCallback 0000000180001210 f   Cooking.obj
 0001:00000230       PxCookBVH                  0000000180001230 f   Cooking.obj
 0001:00000260       PxCreateBVH                0000000180001260 f   Cooking.obj
 0001:00000290       PxCookHeightField          0000000180001290 f   Cooking.obj
 0001:000002c0       PxCreateHeightField        00000001800012c0 f   Cooking.obj
 0001:000002f0       PxCookConvexMesh           00000001800012f0 f   Cooking.obj
 0001:00000330       PxCreateConvexMesh         0000000180001330 f   Cooking.obj
 0001:00000370       PxValidateConvexMesh       0000000180001370 f   Cooking.obj
 0001:000003a0       PxComputeHullPolygons      00000001800013a0 f   Cooking.obj
 0001:00000420       PxValidateTriangleMesh     0000000180001420 f   Cooking.obj
 0001:00000450       PxCreateTriangleMesh       0000000180001450 f   Cooking.obj
 0001:00000490       PxCookTriangleMesh         0000000180001490 f   Cooking.obj
 0001:000004d0       PxCookTetrahedronMesh      00000001800014d0 f   Cooking.obj
 0001:00000510       PxCreateTetrahedronMesh    0000000180001510 f   Cooking.obj
 0001:00000550       PxCookSoftBodyMesh         0000000180001550 f   Cooking.obj
 0001:000005a0       PxCreateSoftBodyMesh       00000001800015a0 f   Cooking.obj
 0001:000005f0       PxComputeModelsMapping     00000001800015f0 f   Cooking.obj
 0001:00000640       PxComputeCollisionData     0000000180001640 f   Cooking.obj
 0001:00000670       PxComputeSimulationData    0000000180001670 f   Cooking.obj
 0001:000006a0       PxAssembleSoftBodyMesh     00000001800016a0 f   Cooking.obj
 0001:000006f0       PxAssembleSoftBodyMesh_Sim 00000001800016f0 f   Cooking.obj
 0001:00000730       ?release@Cooking@physx@@UEAAXXZ 0000000180001730 f   Cooking.obj
 0001:00000790       ?setParams@Cooking@physx@@UEAAXAEBUPxCookingParams@2@@Z 0000000180001790 f   Cooking.obj
 0001:000007c0       ?getParams@Cooking@physx@@UEBAAEBUPxCookingParams@2@XZ 00000001800017c0 f   Cooking.obj
 0001:000007e0       ?platformMismatch@Cooking@physx@@UEBA_NXZ 00000001800017e0 f   Cooking.obj
 0001:00000800       ?cookTriangleMesh@Cooking@physx@@UEBA_NAEBVPxTriangleMeshDesc@2@AEAVPxOutputStream@2@PEAW4Enum@PxTriangleMeshCookingResult@2@@Z 0000000180001800 f   Cooking.obj
 0001:00000850       ?createTriangleMesh@Cooking@physx@@UEBAPEAVPxTriangleMesh@2@AEBVPxTriangleMeshDesc@2@AEAVPxInsertionCallback@2@PEAW4Enum@PxTriangleMeshCookingResult@2@@Z 0000000180001850 f   Cooking.obj
 0001:000008a0       ?validateTriangleMesh@Cooking@physx@@UEBA_NAEBVPxTriangleMeshDesc@2@@Z 00000001800018a0 f   Cooking.obj
 0001:000008d0       ?cookSoftBodyMesh@Cooking@physx@@UEBA_NAEBVPxTetrahedronMeshDesc@2@0AEBVPxSoftBodySimulationDataDesc@2@AEAVPxOutputStream@2@@Z 00000001800018d0 f   Cooking.obj
 0001:00000920       ?createSoftBodyMesh@Cooking@physx@@UEBAPEAVPxSoftBodyMesh@2@AEBVPxTetrahedronMeshDesc@2@0AEBVPxSoftBodySimulationDataDesc@2@AEAVPxInsertionCallback@2@@Z 0000000180001920 f   Cooking.obj
 0001:00000970       ?cookTetrahedronMesh@Cooking@physx@@UEBA_NAEBVPxTetrahedronMeshDesc@2@AEAVPxOutputStream@2@@Z 0000000180001970 f   Cooking.obj
 0001:000009b0       ?createTetrahedronMesh@Cooking@physx@@UEBAPEAVPxTetrahedronMesh@2@AEBVPxTetrahedronMeshDesc@2@AEAVPxInsertionCallback@2@@Z 00000001800019b0 f   Cooking.obj
 0001:000009f0       ?computeModelsMapping@Cooking@physx@@UEBAPEAVPxCollisionMeshMappingData@2@AEAVPxTetrahedronMeshData@2@AEBV42@AEBVPxSoftBodyCollisionData@2@PEBUPxBoundedData@2@@Z 00000001800019f0 f   Cooking.obj
 0001:00000a40       ?computeCollisionData@Cooking@physx@@UEBAPEAVPxCollisionTetrahedronMeshData@2@AEBVPxTetrahedronMeshDesc@2@@Z 0000000180001a40 f   Cooking.obj
 0001:00000a70       ?computeSimulationData@Cooking@physx@@UEBAPEAVPxSimulationTetrahedronMeshData@2@AEBVPxTetrahedronMeshDesc@2@@Z 0000000180001a70 f   Cooking.obj
 0001:00000aa0       ?assembleSoftBodyMesh@Cooking@physx@@UEBAPEAVPxSoftBodyMesh@2@AEAVPxTetrahedronMeshData@2@AEAVPxSoftBodySimulationData@2@0AEAVPxSoftBodyCollisionData@2@AEAVPxCollisionMeshMappingData@2@AEAVPxInsertionCallback@2@@Z 0000000180001aa0 f   Cooking.obj
 0001:00000af0       ?assembleSoftBodyMesh@Cooking@physx@@UEBAPEAVPxSoftBodyMesh@2@AEAVPxSimulationTetrahedronMeshData@2@AEAVPxCollisionTetrahedronMeshData@2@AEAVPxCollisionMeshMappingData@2@AEAVPxInsertionCallback@2@@Z 0000000180001af0 f   Cooking.obj
 0001:00000b30       ?cookConvexMesh@Cooking@physx@@UEBA_NAEBVPxConvexMeshDesc@2@AEAVPxOutputStream@2@PEAW4Enum@PxConvexMeshCookingResult@2@@Z 0000000180001b30 f   Cooking.obj
 0001:00000b80       ?createConvexMesh@Cooking@physx@@UEBAPEAVPxConvexMesh@2@AEBVPxConvexMeshDesc@2@AEAVPxInsertionCallback@2@PEAW4Enum@PxConvexMeshCookingResult@2@@Z 0000000180001b80 f   Cooking.obj
 0001:00000bd0       ?validateConvexMesh@Cooking@physx@@UEBA_NAEBVPxConvexMeshDesc@2@@Z 0000000180001bd0 f   Cooking.obj
 0001:00000c00       ?computeHullPolygons@Cooking@physx@@UEBA_NAEBVPxSimpleTriangleMesh@2@AEAVPxAllocatorCallback@2@AEAIAEAPEAV?$PxVec3T@M@2@2AEAPEAI2AEAPEAUPxHullPolygon@2@@Z 0000000180001c00 f   Cooking.obj
 0001:00000c90       ?cookHeightField@Cooking@physx@@UEBA_NAEBVPxHeightFieldDesc@2@AEAVPxOutputStream@2@@Z 0000000180001c90 f   Cooking.obj
 0001:00000cc0       ?createHeightField@Cooking@physx@@UEBAPEAVPxHeightField@2@AEBVPxHeightFieldDesc@2@AEAVPxInsertionCallback@2@@Z 0000000180001cc0 f   Cooking.obj
 0001:00000cf0       ?cookBVH@Cooking@physx@@UEBA_NAEBVPxBVHDesc@2@AEAVPxOutputStream@2@@Z 0000000180001cf0 f   Cooking.obj
 0001:00000d20       ?createBVH@Cooking@physx@@UEBAPEAVPxBVH@2@AEBVPxBVHDesc@2@AEAVPxInsertionCallback@2@@Z 0000000180001d20 f   Cooking.obj
 0001:00000d50       ?getStandaloneInsertionCallback@Cooking@physx@@UEAAAEAVPxInsertionCallback@2@XZ 0000000180001d50 f   Cooking.obj
 0001:00000d70       ?createTriangleMesh@Cooking@physx@@QEBAPEAVPxTriangleMesh@2@AEBUPxTriangleMeshInternalData@2@@Z 0000000180001d70 f   Cooking.obj
 0001:00000e10       ?createBVH@Cooking@physx@@QEBAPEAVPxBVH@2@AEBUPxBVHInternalData@2@@Z 0000000180001e10 f   Cooking.obj
 0001:00000ef0       PxCreateTriangleMeshInternal 0000000180001ef0 f   Cooking.obj
 0001:00000f20       PxCreateBVHInternal        0000000180001f20 f   Cooking.obj
 0001:00000f50       ??$?2V?$PxReflectionAllocator@VCooking@physx@@@physx@@@PxUserAllocated@physx@@SAPEAX_KV?$PxReflectionAllocator@VCooking@physx@@@1@PEBDH@Z 0000000180001f50 f i Cooking.obj
 0001:00000f90       ??$?4V?$PxReflectionAllocator@USlab@NodeAllocator@Gu@physx@@@physx@@@?$PxArray@USlab@NodeAllocator@Gu@physx@@V?$PxReflectionAllocator@USlab@NodeAllocator@Gu@physx@@@4@@physx@@QEAAAEAV01@AEBV01@@Z 0000000180001f90 f i Cooking.obj
 0001:00001020       ??$PX_UNUSED@VPxFoundation@physx@@@@YAXAEBVPxFoundation@physx@@@Z 0000000180002020 f i Cooking.obj
 0001:00001030       ??$PxSwap@V?$PxVec4T@M@physx@@@physx@@YAXAEAV?$PxVec4T@M@0@0@Z 0000000180002030 f i Cooking.obj
 0001:00001070       ??$copy@V?$PxReflectionAllocator@USlab@NodeAllocator@Gu@physx@@@physx@@@?$PxArray@USlab@NodeAllocator@Gu@physx@@V?$PxReflectionAllocator@USlab@NodeAllocator@Gu@physx@@@4@@physx@@IEAAXAEBV01@@Z 0000000180002070 f i Cooking.obj
 0001:00001130       ??0?$PxArray@USlab@NodeAllocator@Gu@physx@@V?$PxReflectionAllocator@USlab@NodeAllocator@Gu@physx@@@4@@physx@@QEAA@AEBV01@AEBV?$PxReflectionAllocator@USlab@NodeAllocator@Gu@physx@@@1@@Z 0000000180002130 f i Cooking.obj
 0001:00001170       ??0?$PxFlags@W4Enum@PxMeshPreprocessingFlag@physx@@I@physx@@QEAA@AEBV01@@Z 0000000180002170 f i Cooking.obj
 0001:00001190       ??0?$PxMat33T@M@physx@@QEAA@AEBV?$PxQuatT@M@1@@Z 0000000180002190 f i Cooking.obj
 0001:00001430       ??0?$PxMat44T@M@physx@@QEAA@AEBV01@@Z 0000000180002430 f i Cooking.obj
 0001:000014b0       ??0?$PxMat44T@M@physx@@QEAA@AEBV?$PxMat33T@M@1@AEBV?$PxVec3T@M@1@@Z 00000001800024b0 f i Cooking.obj
 0001:00001540       ??0?$PxMat44T@M@physx@@QEAA@AEBV?$PxTransformT@M@1@@Z 0000000180002540 f i Cooking.obj
 0001:00001600       ??0?$PxMat44T@M@physx@@QEAA@W4PxIDENTITY@1@@Z 0000000180002600 f i Cooking.obj
 0001:000016c0       ??0?$PxReflectionAllocator@USlab@NodeAllocator@Gu@physx@@@physx@@QEAA@AEBV01@@Z 00000001800026c0 f i Cooking.obj
 0001:000016d0       ??0?$PxReflectionAllocator@USlab@NodeAllocator@Gu@physx@@@physx@@QEAA@PEBD@Z 00000001800026d0 f i Cooking.obj
 0001:000016e0       ??0?$PxReflectionAllocator@VBV4TriangleMesh@Gu@physx@@@physx@@QEAA@PEBD@Z 00000001800026e0 f i Cooking.obj
 0001:000016f0       ??0?$PxReflectionAllocator@VBVH@Gu@physx@@@physx@@QEAA@PEBD@Z 00000001800026f0 f i Cooking.obj
 0001:00001700       ??0?$PxReflectionAllocator@VCooking@physx@@@physx@@QEAA@PEBD@Z 0000000180002700 f i Cooking.obj
 0001:00001710       ??0?$PxVec3T@M@physx@@QEAA@AEBV01@@Z 0000000180002710 f i Cooking.obj
 0001:00001760       ??0?$PxVec3T@M@physx@@QEAA@M@Z 0000000180002760 f i Cooking.obj
 0001:000017a0       ??0?$PxVec3T@M@physx@@QEAA@MMM@Z 00000001800027a0 f i Cooking.obj
 0001:000017f0       ??0?$PxVec3T@M@physx@@QEAA@XZ 00000001800027f0 f i Cooking.obj
 0001:00001800       ??0?$PxVec4T@M@physx@@QEAA@AEBV01@@Z 0000000180002800 f i Cooking.obj
 0001:00001860       ??0?$PxVec4T@M@physx@@QEAA@AEBV?$PxVec3T@M@1@M@Z 0000000180002860 f i Cooking.obj
 0001:000018c0       ??0?$PxVec4T@M@physx@@QEAA@MMMM@Z 00000001800028c0 f i Cooking.obj
 0001:00001920       ??0?$PxVec4T@M@physx@@QEAA@XZ 0000000180002920 f i Cooking.obj
 0001:00001930       ??0AABBTreeBounds@Gu@physx@@QEAA@XZ 0000000180002930 f i Cooking.obj
 0001:00001960       ??0AABBTreeBuildNode@Gu@physx@@QEAA@AEBV012@@Z 0000000180002960 f i Cooking.obj
 0001:000019c0       ??0AABBTreeBuildNode@Gu@physx@@QEAA@XZ 00000001800029c0 f i Cooking.obj
 0001:000019e0       ??0AABBTreeBuildParams@Gu@physx@@QEAA@IIPEBVAABBTreeBounds@12@W4BVHBuildStrategy@12@@Z 00000001800029e0 f i Cooking.obj
 0001:00001a40       ??0Cooking@physx@@QEAA@AEBUPxCookingParams@1@@Z 0000000180002a40 f i Cooking.obj
 0001:00001a90       ??0NodeAllocator@Gu@physx@@QEAA@AEBV012@@Z 0000000180002a90 f i Cooking.obj
 0001:00001b10       ??0PxAllocator@physx@@QEAA@PEBD@Z 0000000180002b10 f i Cooking.obj
 0001:00001b20       ??0PxBounds3@physx@@QEAA@AEBV01@@Z 0000000180002b20 f i Cooking.obj
 0001:00001b90       ??0PxBounds3@physx@@QEAA@XZ 0000000180002b90 f i Cooking.obj
 0001:00001bd0       ??0PxCooking@physx@@QEAA@XZ 0000000180002bd0 f i Cooking.obj
 0001:00001bf0       ??0PxCookingParams@physx@@QEAA@AEBU01@@Z 0000000180002bf0 f i Cooking.obj
 0001:00001d00       ??0PxDebugArc@physx@@QEAA@IMMM@Z 0000000180002d00 f i Cooking.obj
 0001:00001d60       ??0PxDebugCircle@physx@@QEAA@IM@Z 0000000180002d60 f i Cooking.obj
 0001:00001d90       ??0PxDebugLine@physx@@QEAA@AEBV?$PxVec3T@M@1@0AEBI@Z 0000000180002d90 f i Cooking.obj
 0001:00001e00       ??0PxDebugPoint@physx@@QEAA@AEBV?$PxVec3T@M@1@AEBI@Z 0000000180002e00 f i Cooking.obj
 0001:00001e40       ??0PxDebugTriangle@physx@@QEAA@AEBV?$PxVec3T@M@1@00AEBI@Z 0000000180002e40 f i Cooking.obj
 0001:00001ed0       ??0PxFoundation@physx@@QEAA@AEBV01@@Z 0000000180002ed0 f i Cooking.obj
 0001:00001ef0       ??0PxFoundation@physx@@QEAA@XZ 0000000180002ef0 f i Cooking.obj
 0001:00001f10       ??0PxRenderOutput@physx@@QEAA@AEAVPxRenderBuffer@1@@Z 0000000180002f10 f i Cooking.obj
 0001:00001fa0       ??0PxRenderOutput@physx@@QEAA@AEBV01@@Z 0000000180002fa0 f i Cooking.obj
 0001:00002050       ??1AABBTreeBounds@Gu@physx@@QEAA@XZ 0000000180003050 f i Cooking.obj
 0001:00002070       ??1AABBTreeBuildNode@Gu@physx@@QEAA@XZ 0000000180003070 f i Cooking.obj
 0001:00002080       ??1AABBTreeBuildParams@Gu@physx@@QEAA@XZ 0000000180003080 f i Cooking.obj
 0001:000020a0       ??1Cooking@physx@@UEAA@XZ  00000001800030a0 f i Cooking.obj
 0001:000020c0       ??1PxCooking@physx@@MEAA@XZ 00000001800030c0 f i Cooking.obj
 0001:000020e0       ??1PxFoundation@physx@@MEAA@XZ 00000001800030e0 f i Cooking.obj
 0001:00002100       ??2@YAPEAX_KPEAX@Z         0000000180003100 f i Cooking.obj
 0001:00002110       ??2PxUserAllocated@physx@@SAPEAX_KPEAX@Z 0000000180003110 f i Cooking.obj
 0001:00002120       ??3PxUserAllocated@physx@@SAXPEAX@Z 0000000180003120 f i Cooking.obj
 0001:00002150       ??4?$PxArray@USlab@NodeAllocator@Gu@physx@@V?$PxReflectionAllocator@USlab@NodeAllocator@Gu@physx@@@4@@physx@@QEAAAEAV01@AEBV01@@Z 0000000180003150 f i Cooking.obj
 0001:00002180       ??4?$PxFlags@W4Enum@PxMeshPreprocessingFlag@physx@@I@physx@@QEAAAEAV01@AEBV01@@Z 0000000180003180 f i Cooking.obj
 0001:000021a0       ??4?$PxMat44T@M@physx@@QEAAAEAV01@AEBV01@@Z 00000001800031a0 f i Cooking.obj
 0001:00002220       ??4?$PxVec3T@M@physx@@QEAAAEAV01@AEBV01@@Z 0000000180003220 f i Cooking.obj
 0001:00002270       ??4?$PxVec4T@M@physx@@QEAAAEAV01@AEBV01@@Z 0000000180003270 f i Cooking.obj
 0001:000022d0       ??4AABBTreeBounds@Gu@physx@@QEAAAEAV012@AEBV012@@Z 00000001800032d0 f i Cooking.obj
 0001:00002300       ??4AABBTreeBuildNode@Gu@physx@@QEAAAEAV012@AEBV012@@Z 0000000180003300 f i Cooking.obj
 0001:00002360       ??4AABBTreeBuildParams@Gu@physx@@QEAAAEAV012@AEBV012@@Z 0000000180003360 f i Cooking.obj
 0001:00002390       ??4NodeAllocator@Gu@physx@@QEAAAEAV012@AEBV012@@Z 0000000180003390 f i Cooking.obj
 0001:00002400       ??4PxBounds3@physx@@QEAAXAEBV01@@Z 0000000180003400 f i Cooking.obj
 0001:00002440       ??4PxCookingParams@physx@@QEAAAEAU01@AEBU01@@Z 0000000180003440 f i Cooking.obj
 0001:00002550       ??4PxFoundation@physx@@QEAAAEAV01@AEBV01@@Z 0000000180003550 f i Cooking.obj
 0001:00002560       ??6PxRenderOutput@physx@@QEAAAEAV01@AEBV?$PxMat44T@M@1@@Z 0000000180003560 f i Cooking.obj
 0001:00002590       ??6PxRenderOutput@physx@@QEAAAEAV01@AEBV?$PxTransformT@M@1@@Z 0000000180003590 f i Cooking.obj
 0001:000025d0       ??6PxRenderOutput@physx@@QEAAAEAV01@AEBV?$PxVec3T@M@1@@Z 00000001800035d0 f i Cooking.obj
 0001:00002a00       ??6PxRenderOutput@physx@@QEAAAEAV01@I@Z 0000000180003a00 f i Cooking.obj
 0001:00002a20       ??6PxRenderOutput@physx@@QEAAAEAV01@W4Primitive@01@@Z 0000000180003a20 f i Cooking.obj
 0001:00002a50       ??6physx@@YAAEAVPxRenderOutput@0@AEAV10@AEBUPxDebugArc@0@@Z 0000000180003a50 f i Cooking.obj
 0001:00002bc0       ??6physx@@YAAEAVPxRenderOutput@0@AEAV10@AEBUPxDebugCircle@0@@Z 0000000180003bc0 f i Cooking.obj
 0001:00002ce0       ??D?$PxVec4T@M@physx@@QEBA?AV01@M@Z 0000000180003ce0 f i Cooking.obj
 0001:00002d60       ??G?$PxVec4T@M@physx@@QEBA?AV01@XZ 0000000180003d60 f i Cooking.obj
 0001:00002de0       ??H?$PxVec4T@M@physx@@QEBA?AV01@AEBV01@@Z 0000000180003de0 f i Cooking.obj
 0001:00002e70       ??Y?$PxVec4T@M@physx@@QEAAAEAV01@AEBV01@@Z 0000000180003e70 f i Cooking.obj
 0001:00002f00       ??_EPxFoundation@physx@@MEAAPEAXI@Z 0000000180003f00 f i Cooking.obj
 0001:00002fa0       ??_FAABBTreeBuildParams@Gu@physx@@QEAAXXZ 0000000180003fa0 f i Cooking.obj
 0001:00002fd0       ??_ECooking@physx@@UEAAPEAXI@Z 0000000180003fd0 f i Cooking.obj
 0001:00002fd0       ??_GCooking@physx@@UEAAPEAXI@Z 0000000180003fd0 f i Cooking.obj
 0001:00003030       ??_EPxCooking@physx@@MEAAPEAXI@Z 0000000180004030 f i Cooking.obj
 0001:00003030       ??_GPxCooking@physx@@MEAAPEAXI@Z 0000000180004030 f i Cooking.obj
 0001:00003070       ??_GPxFoundation@physx@@MEAAPEAXI@Z 0000000180004070 f i Cooking.obj
 0001:000030b0       ??_H@YAXPEAX_K1P6APEAX0@Z@Z 00000001800040b0 f i Cooking.obj
 0001:00003130       ??_I@YAXPEAX_K1P6AX0@Z@Z   0000000180004130 f i Cooking.obj
 0001:000031c0       ?FLoad@aos@physx@@YA?AT__m128@@M@Z 00000001800041c0 f i Cooking.obj
 0001:000031f0       ?PxCos@physx@@YAMM@Z       00000001800041f0 f i Cooking.obj
 0001:00003210       ?PxLittleEndian@physx@@YADXZ 0000000180004210 f i Cooking.obj
 0001:00003230       ?PxMarkSerializedMemory@physx@@YAXPEAXI@Z 0000000180004230 f i Cooking.obj
 0001:00003260       ?PxMemSet@physx@@YAPEAXPEAXHI@Z 0000000180004260 f i Cooking.obj
 0001:00003290       ?PxSin@physx@@YAMM@Z       0000000180004290 f i Cooking.obj
 0001:000032b0       ?V3Load@aos@physx@@YA?AT__m128@@M@Z 00000001800042b0 f i Cooking.obj
 0001:000032f0       ?V4Load@aos@physx@@YA?AT__m128@@M@Z 00000001800042f0 f i Cooking.obj
 0001:00003320       ?__empty_global_delete@@YAXPEAX@Z 0000000180004320 f i Cooking.obj
 0001:00003330       ?__empty_global_delete@@YAXPEAX_K@Z 0000000180004330 f i Cooking.obj
 0001:00003340       ?__global_array_delete@@YAXPEAX@Z 0000000180004340 f i Cooking.obj
 0001:00003360       ?__global_array_delete@@YAXPEAX_K@Z 0000000180004360 f i Cooking.obj
 0001:00003390       ?__global_delete@@YAXPEAX@Z 0000000180004390 f i Cooking.obj
 0001:000033b0       ?__global_delete@@YAXPEAX_K@Z 00000001800043b0 f i Cooking.obj
 0001:000033e0       ?allocate@?$PxArray@USlab@NodeAllocator@Gu@physx@@V?$PxReflectionAllocator@USlab@NodeAllocator@Gu@physx@@@4@@physx@@IEAAPEAUSlab@NodeAllocator@Gu@2@I@Z 00000001800043e0 f i Cooking.obj
 0001:00003440       ?allocate@?$PxReflectionAllocator@USlab@NodeAllocator@Gu@physx@@@physx@@QEAAPEAX_KPEBDH@Z 0000000180004440 f i Cooking.obj
 0001:000034c0       ?allocate@?$PxReflectionAllocator@VBV4TriangleMesh@Gu@physx@@@physx@@QEAAPEAX_KPEBDH@Z 00000001800044c0 f i Cooking.obj
 0001:00003540       ?allocate@?$PxReflectionAllocator@VBVH@Gu@physx@@@physx@@QEAAPEAX_KPEBDH@Z 0000000180004540 f i Cooking.obj
 0001:000035c0       ?allocate@?$PxReflectionAllocator@VCooking@physx@@@physx@@QEAAPEAX_KPEBDH@Z 00000001800045c0 f i Cooking.obj
 0001:00003640       ?begin@?$PxArray@USlab@NodeAllocator@Gu@physx@@V?$PxReflectionAllocator@USlab@NodeAllocator@Gu@physx@@@4@@physx@@QEBAPEBUSlab@NodeAllocator@Gu@2@XZ 0000000180004640 f i Cooking.obj
 0001:00003650       ?capacity@?$PxArray@USlab@NodeAllocator@Gu@physx@@V?$PxReflectionAllocator@USlab@NodeAllocator@Gu@physx@@@4@@physx@@QEBAIXZ 0000000180004650 f i Cooking.obj
 0001:00003670       ?clear@?$PxArray@USlab@NodeAllocator@Gu@physx@@V?$PxReflectionAllocator@USlab@NodeAllocator@Gu@physx@@@4@@physx@@QEAAXXZ 0000000180004670 f i Cooking.obj
 0001:000036b0       ?copy@?$PxArray@USlab@NodeAllocator@Gu@physx@@V?$PxReflectionAllocator@USlab@NodeAllocator@Gu@physx@@@4@@physx@@KAXPEAUSlab@NodeAllocator@Gu@2@0PEBU3452@@Z 00000001800046b0 f i Cooking.obj
 0001:00003730       ?cos@intrinsics@physx@@YAMM@Z 0000000180004730 f i Cooking.obj
 0001:00003750       ?deallocate@?$PxArray@USlab@NodeAllocator@Gu@physx@@V?$PxReflectionAllocator@USlab@NodeAllocator@Gu@physx@@@4@@physx@@IEAAXPEAX@Z 0000000180004750 f i Cooking.obj
 0001:00003780       ?deallocate@?$PxReflectionAllocator@USlab@NodeAllocator@Gu@physx@@@physx@@QEAAXPEAX@Z 0000000180004780 f i Cooking.obj
 0001:000037c0       ?deallocate@PxAllocator@physx@@QEAAXPEAX@Z 00000001800047c0 f i Cooking.obj
 0001:00003800       ?destroy@?$PxArray@USlab@NodeAllocator@Gu@physx@@V?$PxReflectionAllocator@USlab@NodeAllocator@Gu@physx@@@4@@physx@@KAXPEAUSlab@NodeAllocator@Gu@2@0@Z 0000000180004800 f i Cooking.obj
 0001:00003830       ?empty@?$PxArray@USlab@NodeAllocator@Gu@physx@@V?$PxReflectionAllocator@USlab@NodeAllocator@Gu@physx@@@4@@physx@@QEBA_NXZ 0000000180004830 f i Cooking.obj
 0001:00003860       ?getAABB@AABBTreeBuildNode@Gu@physx@@QEBAAEBVPxBounds3@3@XZ 0000000180004860 f i Cooking.obj
 0001:00003870       ?getBounds@AABBTreeBounds@Gu@physx@@QEAAPEAVPxBounds3@3@XZ 0000000180004870 f i Cooking.obj
 0001:00003880       ?getBounds@AABBTreeBounds@Gu@physx@@QEBAPEBVPxBounds3@3@XZ 0000000180004880 f i Cooking.obj
 0001:00003890       ?getName@?$PxReflectionAllocator@USlab@NodeAllocator@Gu@physx@@@physx@@CAPEBDXZ 0000000180004890 f i Cooking.obj
 0001:000038d0       ?getName@?$PxReflectionAllocator@VBV4TriangleMesh@Gu@physx@@@physx@@CAPEBDXZ 00000001800048d0 f i Cooking.obj
 0001:00003910       ?getName@?$PxReflectionAllocator@VBVH@Gu@physx@@@physx@@CAPEBDXZ 0000000180004910 f i Cooking.obj
 0001:00003950       ?getName@?$PxReflectionAllocator@VCooking@physx@@@physx@@CAPEBDXZ 0000000180004950 f i Cooking.obj
 0001:00003990       ?getNbPrimitives@AABBTreeBuildNode@Gu@physx@@QEBAIXZ 0000000180004990 f i Cooking.obj
 0001:000039a0       ?getNbRuntimePrimitives@AABBTreeBuildNode@Gu@physx@@QEBAIXZ 00000001800049a0 f i Cooking.obj
 0001:000039b0       ?getNeg@AABBTreeBuildNode@Gu@physx@@QEBAPEBV123@XZ 00000001800049b0 f i Cooking.obj
 0001:000039f0       ?getPos@AABBTreeBuildNode@Gu@physx@@QEBAPEBV123@XZ 00000001800049f0 f i Cooking.obj
 0001:00003a00       ?getPrimitives@AABBTreeBuildNode@Gu@physx@@QEAAPEAIPEAI@Z 0000000180004a00 f i Cooking.obj
 0001:00003a20       ?getPrimitives@AABBTreeBuildNode@Gu@physx@@QEBAPEBIPEBI@Z 0000000180004a20 f i Cooking.obj
 0001:00003a40       ?getXYZ@?$PxVec4T@M@physx@@QEBA?AV?$PxVec3T@M@2@XZ 0000000180004a40 f i Cooking.obj
 0001:00003a80       ?grow@?$PxArray@USlab@NodeAllocator@Gu@physx@@V?$PxReflectionAllocator@USlab@NodeAllocator@Gu@physx@@@4@@physx@@IEAAXI@Z 0000000180004a80 f i Cooking.obj
 0001:00003b00       ?isInUserMemory@?$PxArray@USlab@NodeAllocator@Gu@physx@@V?$PxReflectionAllocator@USlab@NodeAllocator@Gu@physx@@@4@@physx@@QEBAIXZ 0000000180004b00 f i Cooking.obj
 0001:00003b20       ?isLeaf@AABBTreeBuildNode@Gu@physx@@QEBA_NXZ 0000000180004b20 f i Cooking.obj
 0001:00003b60       ?memSet@intrinsics@physx@@YAPEAXPEAXHI@Z 0000000180004b60 f i Cooking.obj
 0001:00003b90       ?moveFrom@AABBTreeBounds@Gu@physx@@QEAAXAEAV123@@Z 0000000180004b90 f i Cooking.obj
 0001:00003bc0       ?name@type_info@@QEBAPEBDXZ 0000000180004bc0 f i Cooking.obj
 0001:00003bf0       ?outputCapsule@PxRenderOutput@physx@@QEAAAEAV12@MMAEBV?$PxMat44T@M@2@@Z 0000000180004bf0 f i Cooking.obj
 0001:00004290       ?outputSegment@PxRenderOutput@physx@@QEAAXAEBV?$PxVec3T@M@2@0@Z 0000000180005290 f i Cooking.obj
 0001:00004320       ?ownsMemory@AABBTreeBounds@Gu@physx@@QEBA_NXZ 0000000180005320 f i Cooking.obj
 0001:00004350       ?recreate@?$PxArray@USlab@NodeAllocator@Gu@physx@@V?$PxReflectionAllocator@USlab@NodeAllocator@Gu@physx@@@4@@physx@@IEAAXI@Z 0000000180005350 f i Cooking.obj
 0001:00004470       ?reserve@?$PxArray@USlab@NodeAllocator@Gu@physx@@V?$PxReflectionAllocator@USlab@NodeAllocator@Gu@physx@@@4@@physx@@QEAAXI@Z 0000000180005470 f i Cooking.obj
 0001:000044a0       ?reservePoints@PxRenderOutput@physx@@QEAAPEAUPxDebugPoint@2@I@Z 00000001800054a0 f i Cooking.obj
 0001:000044d0       ?reserveSegments@PxRenderOutput@physx@@QEAAPEAUPxDebugLine@2@I@Z 00000001800054d0 f i Cooking.obj
 0001:00004500       ?reset@AABBTreeBuildParams@Gu@physx@@QEAAXXZ 0000000180005500 f i Cooking.obj
 0001:00004570       ?rotate@?$PxMat44T@M@physx@@QEBA?BV?$PxVec3T@M@2@AEBV32@@Z 0000000180005570 f i Cooking.obj
 0001:000045d0       ?rotate@?$PxMat44T@M@physx@@QEBA?BV?$PxVec4T@M@2@AEBV32@@Z 00000001800055d0 f i Cooking.obj
 0001:00004690       ?setBounds@AABBTreeBounds@Gu@physx@@QEAAXPEAVPxBounds3@3@@Z 0000000180005690 f i Cooking.obj
 0001:000046c0       ?setNbRunTimePrimitives@AABBTreeBuildNode@Gu@physx@@QEAAXI@Z 00000001800056c0 f i Cooking.obj
 0001:000046e0       ?sin@intrinsics@physx@@YAMM@Z 00000001800056e0 f i Cooking.obj
 0001:00004700       ?size@?$PxArray@USlab@NodeAllocator@Gu@physx@@V?$PxReflectionAllocator@USlab@NodeAllocator@Gu@physx@@@4@@physx@@QEBAIXZ 0000000180005700 f i Cooking.obj
 0001:00004710       ?takeOwnership@AABBTreeBounds@Gu@physx@@QEAAXXZ 0000000180005710 f i Cooking.obj
 0001:00004730       ?transform@?$PxMat44T@M@physx@@QEBA?BV?$PxVec3T@M@2@AEBV32@@Z 0000000180005730 f i Cooking.obj
 0001:00004790       ?transform@?$PxMat44T@M@physx@@QEBA?BV?$PxVec4T@M@2@AEBV32@@Z 0000000180005790 f i Cooking.obj
 0001:000048a0       PxSetPhysXCookingDelayLoadHook 00000001800058a0 f   WindowsCookingDelayLoadHook.obj
 0001:000048c0       ?cookingDelayHook@@YAP6A_JXZIPEAUDelayLoadInfo@@@Z 00000001800058c0 f   WindowsCookingDelayLoadHook.obj
 0001:00004940       ?loadLibrary@Cm@physx@@YAPEAUHINSTANCE__@@PEBD@Z 0000000180005940 f i WindowsCookingDelayLoadHook.obj
 0001:00004960       ?physXCommonDliNotePreLoadLibrary@Cm@physx@@YAP6A_JXZPEBDPEBVPxDelayLoadHook@2@@Z 0000000180005960 f i WindowsCookingDelayLoadHook.obj
 0001:000049eb       __imp_load_getInsertionCallback 00000001800059eb f   PhysXCommon_64:PhysXCommon_64.dll
 0001:000049f7       getInsertionCallback       00000001800059f7 f   PhysXCommon_64:PhysXCommon_64.dll
 0001:000049fd       __tailMerge_physxcommon_64_dll 00000001800059fd     PhysXCommon_64:PhysXCommon_64.dll
 0001:00004a76       __imp_load_cookBVH         0000000180005a76 f   PhysXCommon_64:PhysXCommon_64.dll
 0001:00004a82       cookBVH                    0000000180005a82 f   PhysXCommon_64:PhysXCommon_64.dll
 0001:00004a88       __imp_load_createBVH       0000000180005a88 f   PhysXCommon_64:PhysXCommon_64.dll
 0001:00004a94       createBVH                  0000000180005a94 f   PhysXCommon_64:PhysXCommon_64.dll
 0001:00004a9a       __imp_load_cookHeightField 0000000180005a9a f   PhysXCommon_64:PhysXCommon_64.dll
 0001:00004aa6       cookHeightField            0000000180005aa6 f   PhysXCommon_64:PhysXCommon_64.dll
 0001:00004aac       __imp_load_createHeightField 0000000180005aac f   PhysXCommon_64:PhysXCommon_64.dll
 0001:00004ab8       createHeightField          0000000180005ab8 f   PhysXCommon_64:PhysXCommon_64.dll
 0001:00004abe       __imp_load_cookConvexMesh  0000000180005abe f   PhysXCommon_64:PhysXCommon_64.dll
 0001:00004aca       cookConvexMesh             0000000180005aca f   PhysXCommon_64:PhysXCommon_64.dll
 0001:00004ad0       __imp_load_createConvexMesh 0000000180005ad0 f   PhysXCommon_64:PhysXCommon_64.dll
 0001:00004adc       createConvexMesh           0000000180005adc f   PhysXCommon_64:PhysXCommon_64.dll
 0001:00004ae2       __imp_load_validateConvexMesh 0000000180005ae2 f   PhysXCommon_64:PhysXCommon_64.dll
 0001:00004aee       validateConvexMesh         0000000180005aee f   PhysXCommon_64:PhysXCommon_64.dll
 0001:00004af4       __imp_load_computeHullPolygons 0000000180005af4 f   PhysXCommon_64:PhysXCommon_64.dll
 0001:00004b00       computeHullPolygons        0000000180005b00 f   PhysXCommon_64:PhysXCommon_64.dll
 0001:00004b06       __imp_load_validateTriangleMesh 0000000180005b06 f   PhysXCommon_64:PhysXCommon_64.dll
 0001:00004b12       validateTriangleMesh       0000000180005b12 f   PhysXCommon_64:PhysXCommon_64.dll
 0001:00004b18       __imp_load_createTriangleMesh 0000000180005b18 f   PhysXCommon_64:PhysXCommon_64.dll
 0001:00004b24       createTriangleMesh         0000000180005b24 f   PhysXCommon_64:PhysXCommon_64.dll
 0001:00004b2a       __imp_load_cookTriangleMesh 0000000180005b2a f   PhysXCommon_64:PhysXCommon_64.dll
 0001:00004b36       cookTriangleMesh           0000000180005b36 f   PhysXCommon_64:PhysXCommon_64.dll
 0001:00004b3c       __imp_load_cookTetrahedronMesh 0000000180005b3c f   PhysXCommon_64:PhysXCommon_64.dll
 0001:00004b48       cookTetrahedronMesh        0000000180005b48 f   PhysXCommon_64:PhysXCommon_64.dll
 0001:00004b4e       __imp_load_createTetrahedronMesh 0000000180005b4e f   PhysXCommon_64:PhysXCommon_64.dll
 0001:00004b5a       createTetrahedronMesh      0000000180005b5a f   PhysXCommon_64:PhysXCommon_64.dll
 0001:00004b60       __imp_load_cookSoftBodyMesh 0000000180005b60 f   PhysXCommon_64:PhysXCommon_64.dll
 0001:00004b6c       cookSoftBodyMesh           0000000180005b6c f   PhysXCommon_64:PhysXCommon_64.dll
 0001:00004b72       __imp_load_createSoftBodyMesh 0000000180005b72 f   PhysXCommon_64:PhysXCommon_64.dll
 0001:00004b7e       createSoftBodyMesh         0000000180005b7e f   PhysXCommon_64:PhysXCommon_64.dll
 0001:00004b84       __imp_load_computeModelsMapping 0000000180005b84 f   PhysXCommon_64:PhysXCommon_64.dll
 0001:00004b90       computeModelsMapping       0000000180005b90 f   PhysXCommon_64:PhysXCommon_64.dll
 0001:00004b96       __imp_load_computeCollisionData 0000000180005b96 f   PhysXCommon_64:PhysXCommon_64.dll
 0001:00004ba2       computeCollisionData       0000000180005ba2 f   PhysXCommon_64:PhysXCommon_64.dll
 0001:00004ba8       __imp_load_computeSimulationData 0000000180005ba8 f   PhysXCommon_64:PhysXCommon_64.dll
 0001:00004bb4       computeSimulationData      0000000180005bb4 f   PhysXCommon_64:PhysXCommon_64.dll
 0001:00004bba       __imp_load_assembleSoftBodyMesh 0000000180005bba f   PhysXCommon_64:PhysXCommon_64.dll
 0001:00004bc6       assembleSoftBodyMesh       0000000180005bc6 f   PhysXCommon_64:PhysXCommon_64.dll
 0001:00004bcc       __imp_load_assembleSoftBodyMesh_Sim 0000000180005bcc f   PhysXCommon_64:PhysXCommon_64.dll
 0001:00004bd8       assembleSoftBodyMesh_Sim   0000000180005bd8 f   PhysXCommon_64:PhysXCommon_64.dll
 0001:00004bde       __imp_load_?release@AABBTreeBounds@Gu@physx@@QEAAXXZ 0000000180005bde f   PhysXCommon_64:PhysXCommon_64.dll
 0001:00004bea       ?release@AABBTreeBounds@Gu@physx@@QEAAXXZ 0000000180005bea f   PhysXCommon_64:PhysXCommon_64.dll
 0001:00004bf0       __imp_load_??0BVH@Gu@physx@@QEAA@AEBUPxBVHInternalData@2@@Z 0000000180005bf0 f   PhysXCommon_64:PhysXCommon_64.dll
 0001:00004bfc       ??0BVH@Gu@physx@@QEAA@AEBUPxBVHInternalData@2@@Z 0000000180005bfc f   PhysXCommon_64:PhysXCommon_64.dll
 0001:00004c02       __imp_load_??0BV4TriangleMesh@Gu@physx@@QEAA@AEBUPxTriangleMeshInternalData@2@@Z 0000000180005c02 f   PhysXCommon_64:PhysXCommon_64.dll
 0001:00004c0e       ??0BV4TriangleMesh@Gu@physx@@QEAA@AEBUPxTriangleMeshInternalData@2@@Z 0000000180005c0e f   PhysXCommon_64:PhysXCommon_64.dll
 0001:00004c14       __imp_load_?PxGetAssertHandler@physx@@YAAEAVPxAssertHandler@1@XZ 0000000180005c14 f   PhysXFoundation_64:PhysXFoundation_64.dll
 0001:00004c20       ?PxGetAssertHandler@physx@@YAAEAVPxAssertHandler@1@XZ 0000000180005c20 f   PhysXFoundation_64:PhysXFoundation_64.dll
 0001:00004c26       __tailMerge_physxfoundation_64_dll 0000000180005c26     PhysXFoundation_64:PhysXFoundation_64.dll
 0001:00004c9f       __imp_load_PxGetFoundation 0000000180005c9f f   PhysXFoundation_64:PhysXFoundation_64.dll
 0001:00004cab       PxGetFoundation            0000000180005cab f   PhysXFoundation_64:PhysXFoundation_64.dll
 0001:00004cb1       __imp_load_PxGetBroadcastAllocator 0000000180005cb1 f   PhysXFoundation_64:PhysXFoundation_64.dll
 0001:00004cbd       PxGetBroadcastAllocator    0000000180005cbd f   PhysXFoundation_64:PhysXFoundation_64.dll
 0001:00004cc3       __imp_load_PxDecFoundationRefCount 0000000180005cc3 f   PhysXFoundation_64:PhysXFoundation_64.dll
 0001:00004ccf       PxDecFoundationRefCount    0000000180005ccf f   PhysXFoundation_64:PhysXFoundation_64.dll
 0001:00004cd5       __imp_load_PxIncFoundationRefCount 0000000180005cd5 f   PhysXFoundation_64:PhysXFoundation_64.dll
 0001:00004ce1       PxIncFoundationRefCount    0000000180005ce1 f   PhysXFoundation_64:PhysXFoundation_64.dll
 0001:00004ce7       LoadLibraryA               0000000180005ce7 f   kernel32:KERNEL32.dll
 0001:00004cf0       ??$PFromRva@PEAP6A_JXZ@@YAPEAP6A_JXZK@Z 0000000180005cf0 f i Delayimp:delayhlp.obj
 0001:00004d00       ??$PFromRva@PEAPEAUHINSTANCE__@@@@YAPEAPEAUHINSTANCE__@@K@Z 0000000180005d00 f i Delayimp:delayhlp.obj
 0001:00004d10       ??$PFromRva@PEAU_IMAGE_IMPORT_BY_NAME@@@@YAPEAU_IMAGE_IMPORT_BY_NAME@@K@Z 0000000180005d10 f i Delayimp:delayhlp.obj
 0001:00004d20       ??$PFromRva@PEAU_IMAGE_THUNK_DATA64@@@@YAPEAU_IMAGE_THUNK_DATA64@@K@Z 0000000180005d20 f i Delayimp:delayhlp.obj
 0001:00004d30       ??$PFromRva@PEBD@@YAPEBDK@Z 0000000180005d30 f i Delayimp:delayhlp.obj
 0001:00004d40       ??$PFromRva@PEBUImgDelayDescr@@@@YAPEBUImgDelayDescr@@K@Z 0000000180005d40 f i Delayimp:delayhlp.obj
 0001:00004d50       ??$PFromRva@PEBU_IMAGE_THUNK_DATA64@@@@YAPEBU_IMAGE_THUNK_DATA64@@K@Z 0000000180005d50 f i Delayimp:delayhlp.obj
 0001:00004d60       ?CountOfImports@@YAIPEBU_IMAGE_THUNK_DATA64@@@Z 0000000180005d60 f i Delayimp:delayhlp.obj
 0001:00004d74       ?DloadAcquireSectionWriteAccess@@YAXXZ 0000000180005d74 f i Delayimp:delayhlp.obj
 0001:00004e20       ?DloadGetSRWLockFunctionPointers@@YAEXZ 0000000180005e20 f i Delayimp:delayhlp.obj
 0001:00004ec0       ?DloadLock@@YAXXZ          0000000180005ec0 f i Delayimp:delayhlp.obj
 0001:00004f08       ?DloadMakePermanentImageCommit@@YAXPEAX_K@Z 0000000180005f08 f i Delayimp:delayhlp.obj
 0001:00004fa0       ?DloadObtainSection@@YAPEAXPEAK0@Z 0000000180005fa0 f i Delayimp:delayhlp.obj
 0001:0000503c       ?DloadProtectSection@@YAXKPEAK@Z 000000018000603c f i Delayimp:delayhlp.obj
 0001:000050cc       ?DloadReleaseSectionWriteAccess@@YAXXZ 00000001800060cc f i Delayimp:delayhlp.obj
 0001:00005160       ?DloadUnlock@@YAXXZ        0000000180006160 f i Delayimp:delayhlp.obj
 0001:000051a0       ?IndexFromPImgThunkData@@YAIPEBU_IMAGE_THUNK_DATA64@@0@Z 00000001800061a0 f i Delayimp:delayhlp.obj
 0001:000052e8       HRESULT_FROM_WIN32         00000001800062e8 f i Delayimp:delayhlp.obj
 0001:000052f8       ReadAcquire64              00000001800062f8 f i Delayimp:delayhlp.obj
 0001:000052fc       ReadPointerAcquire         00000001800062fc f i Delayimp:delayhlp.obj
 0001:00005300       WritePointerRelease        0000000180006300 f i Delayimp:delayhlp.obj
 0001:00005304       WriteRelease64             0000000180006304 f i Delayimp:delayhlp.obj
 0001:00005308       __FUnloadDelayLoadedDLL2   0000000180006308 f   Delayimp:delayhlp.obj
 0001:000053c4       __HrLoadAllImportsForDll   00000001800063c4 f   Delayimp:delayhlp.obj
 0001:00005438       __delayLoadHelper2         0000000180006438 f   Delayimp:delayhlp.obj
 0001:00005710       ??3@YAXPEAX@Z              0000000180006710 f   MSVCRTD:delete_scalar.obj
 0001:00005730       ??3@YAXPEAX_K@Z            0000000180006730 f   MSVCRTD:delete_scalar_size.obj
 0001:00005750       ??_V@YAXPEAX@Z             0000000180006750 f   MSVCRTD:delete_array.obj
 0001:00005770       ??_V@YAXPEAX_K@Z           0000000180006770 f   MSVCRTD:delete_array_size.obj
 0001:00005790       _CRT_RTC_INIT              0000000180006790 f   MSVCRTD:init.obj
 0001:000057a0       _CRT_RTC_INITW             00000001800067a0 f   MSVCRTD:init.obj
 0001:000057b0       _RTC_InitBase              00000001800067b0 f   MSVCRTD:init.obj
 0001:000057f0       _RTC_Shutdown              00000001800067f0 f   MSVCRTD:init.obj
 0001:00005820       ??1type_info@@UEAA@XZ      0000000180006820 f   MSVCRTD:std_type_info_static.obj
 0001:00005840       ??_Etype_info@@UEAAPEAXI@Z 0000000180006840 f i MSVCRTD:std_type_info_static.obj
 0001:00005840       ??_Gtype_info@@UEAAPEAXI@Z 0000000180006840 f i MSVCRTD:std_type_info_static.obj
 0001:00005880       ?__scrt_initialize_type_info@@YAXXZ 0000000180006880 f   MSVCRTD:tncleanup.obj
 0001:000058a0       ?__scrt_uninitialize_type_info@@YAXXZ 00000001800068a0 f   MSVCRTD:tncleanup.obj
 0001:00005cd0       _CRT_INIT                  0000000180006cd0 f   MSVCRTD:dll_dllmain.obj
 0001:00005d00       _DllMainCRTStartup         0000000180006d00 f   MSVCRTD:dll_dllmain.obj
 0001:00005d40       _guard_check_icall_nop     0000000180006d40 f i MSVCRTD:guard_support.obj
 0001:00005d50       ReadNoFence64              0000000180006d50 f i MSVCRTD:guard_support.obj
 0001:00005d70       ReadPointerNoFence         0000000180006d70 f i MSVCRTD:guard_support.obj
 0001:00005d90       __castguard_check_failure_debugbreak 0000000180006d90 f i MSVCRTD:guard_support.obj
 0001:00005db0       __castguard_check_failure_fastfail 0000000180006db0 f i MSVCRTD:guard_support.obj
 0001:00005de0       __castguard_check_failure_nop 0000000180006de0 f i MSVCRTD:guard_support.obj
 0001:00005df0       __castguard_check_failure_os_handled 0000000180006df0 f i MSVCRTD:guard_support.obj
 0001:00005ec0       __castguard_slow_path_check_debugbreak 0000000180006ec0 f i MSVCRTD:guard_support.obj
 0001:00005f00       __castguard_slow_path_check_fastfail 0000000180006f00 f i MSVCRTD:guard_support.obj
 0001:00005f50       __castguard_slow_path_check_nop 0000000180006f50 f i MSVCRTD:guard_support.obj
 0001:00005f60       __castguard_slow_path_check_os_handled 0000000180006f60 f i MSVCRTD:guard_support.obj
 0001:00006020       _guard_icall_checks_enforced 0000000180007020 f i MSVCRTD:guard_support.obj
 0001:00006060       _guard_rf_checks_enforced  0000000180007060 f i MSVCRTD:guard_support.obj
 0001:00006070       ?_RTC_GetErrorFunc@@YAP6AHHPEBDH00ZZPEBX@Z 0000000180007070 f   MSVCRTD:userapi.obj
 0001:00006080       ?_RTC_GetErrorFuncW@@YAP6AHHPEB_WH00ZZPEBX@Z 0000000180007080 f   MSVCRTD:userapi.obj
 0001:00006090       _RTC_GetErrDesc            0000000180007090 f   MSVCRTD:userapi.obj
 0001:000060b0       _RTC_NumErrors             00000001800070b0 f   MSVCRTD:userapi.obj
 0001:000060c0       _RTC_SetErrorFunc          00000001800070c0 f   MSVCRTD:userapi.obj
 0001:000060e0       _RTC_SetErrorFuncW         00000001800070e0 f   MSVCRTD:userapi.obj
 0001:00006100       _RTC_SetErrorType          0000000180007100 f   MSVCRTD:userapi.obj
 0001:000061e0       __security_init_cookie     00000001800071e0 f   MSVCRTD:gs_support.obj
 0001:00006260       DllMain                    0000000180007260 f   MSVCRTD:dll_dllmain_stub.obj
 0001:000062a0       __local_stdio_printf_options 00000001800072a0 f i MSVCRTD:default_local_stdio_options.obj
 0001:000062b0       __local_stdio_scanf_options 00000001800072b0 f i MSVCRTD:default_local_stdio_options.obj
 0001:000062c0       __scrt_initialize_default_local_stdio_options 00000001800072c0 f   MSVCRTD:default_local_stdio_options.obj
 0001:00006310       ?configure_argv@__scrt_narrow_argv_policy@@SAHXZ 0000000180007310 f i MSVCRTD:utility.obj
 0001:00006400       ?initialize_environment@__scrt_narrow_environment_policy@@SAHXZ 0000000180007400 f i MSVCRTD:utility.obj
 0001:000064a0       NtCurrentTeb               00000001800074a0 f i MSVCRTD:utility.obj
 0001:000064b0       __scrt_acquire_startup_lock 00000001800074b0 f   MSVCRTD:utility.obj
 0001:00006520       __scrt_dllmain_after_initialize_c 0000000180007520 f   MSVCRTD:utility.obj
 0001:00006550       __scrt_dllmain_before_initialize_c 0000000180007550 f   MSVCRTD:utility.obj
 0001:00006570       __scrt_dllmain_crt_thread_attach 0000000180007570 f   MSVCRTD:utility.obj
 0001:000065a0       __scrt_dllmain_crt_thread_detach 00000001800075a0 f   MSVCRTD:utility.obj
 0001:000065c0       __scrt_dllmain_exception_filter 00000001800075c0 f   MSVCRTD:utility.obj
 0001:00006630       __scrt_dllmain_uninitialize_c 0000000180007630 f   MSVCRTD:utility.obj
 0001:00006660       __scrt_dllmain_uninitialize_critical 0000000180007660 f   MSVCRTD:utility.obj
 0001:00006680       __scrt_initialize_crt      0000000180007680 f   MSVCRTD:utility.obj
 0001:000066d0       __scrt_initialize_onexit_tables 00000001800076d0 f   MSVCRTD:utility.obj
 0001:000067e0       __scrt_is_nonwritable_in_current_image 00000001800077e0 f   MSVCRTD:utility.obj
 0001:00006870       __scrt_release_startup_lock 0000000180007870 f   MSVCRTD:utility.obj
 0001:000068a0       __scrt_uninitialize_crt    00000001800078a0 f   MSVCRTD:utility.obj
 0001:000068e0       _onexit                    00000001800078e0 f   MSVCRTD:utility.obj
 0001:00006960       at_quick_exit              0000000180007960 f   MSVCRTD:utility.obj
 0001:000069b0       atexit                     00000001800079b0 f   MSVCRTD:utility.obj
 0001:000069f0       __scrt_get_dyn_tls_init_callback 00000001800079f0 f   MSVCRTD:dyn_tls_init.obj
 0001:00006a00       __crt_debugger_hook        0000000180007a00 f   MSVCRTD:utility_desktop.obj
 0001:00006a10       __scrt_fastfail            0000000180007a10 f   MSVCRTD:utility_desktop.obj
 0001:00006bb0       __scrt_get_show_window_mode 0000000180007bb0 f   MSVCRTD:utility_desktop.obj
 0001:00006c10       __scrt_initialize_mta      0000000180007c10 f   MSVCRTD:utility_desktop.obj
 0001:00006c20       __scrt_initialize_winrt    0000000180007c20 f   MSVCRTD:utility_desktop.obj
 0001:00006c30       __scrt_is_managed_app      0000000180007c30 f   MSVCRTD:utility_desktop.obj
 0001:00006ce0       __scrt_set_unhandled_exception_filter 0000000180007ce0 f   MSVCRTD:utility_desktop.obj
 0001:00006d00       __scrt_exe_initialize_mta  0000000180007d00 f   MSVCRTD:utility_desktop.obj
 0001:00006d00       __scrt_stub_for_initialize_mta 0000000180007d00 f   MSVCRTD:utility_desktop.obj
 0001:00006d10       __scrt_unhandled_exception_filter 0000000180007d10 f   MSVCRTD:utility_desktop.obj
 0001:00006db0       _RTC_Initialize            0000000180007db0 f   MSVCRTD:initsect.obj
 0001:00006e00       _RTC_Terminate             0000000180007e00 f   MSVCRTD:initsect.obj
 0001:00006ee0       ?_RTC_AllocaFailure@@YAXPEAXPEAU_RTC_ALLOCA_NODE@@H@Z 0000000180007ee0 f   MSVCRTD:error.obj
 0001:00007040       ?_RTC_Failure@@YAXPEAXH@Z  0000000180008040 f   MSVCRTD:error.obj
 0001:00007090       ?_RTC_StackFailure@@YAXPEAXPEBD@Z 0000000180008090 f   MSVCRTD:error.obj
 0001:000074c0       _RTC_UninitUse             00000001800084c0 f   MSVCRTD:error.obj
 0001:00007590       _vsprintf_s_l              0000000180008590 f i MSVCRTD:error.obj
 0001:00007600       sprintf_s                  0000000180008600 f i MSVCRTD:error.obj
 0001:00007630       __isa_available_init       0000000180008630 f   MSVCRTD:cpu_disp.obj
 0001:000079e0       _get_startup_argv_mode     00000001800089e0 f   MSVCRTD:argv_mode.obj
 0001:000079f0       __scrt_is_ucrt_dll_in_use  00000001800089f0 f   MSVCRTD:ucrt_detection.obj
 0001:00007f40       ?_RTC_GetSrcLine@@YAHPEAEPEA_WKPEAH1K@Z 0000000180008f40 f   MSVCRTD:pdblkup.obj
 0001:00008310       __GSHandlerCheck           0000000180009310 f   MSVCRTD:gshandler.obj
 0001:00008350       __GSHandlerCheckCommon     0000000180009350 f   MSVCRTD:gshandler.obj
 0001:00008460       __security_check_cookie    0000000180009460 f   MSVCRTD:amdsecgs.obj
 0001:00008480       __raise_securityfailure    0000000180009480 f   MSVCRTD:gs_report.obj
 0001:000084c0       __report_gsfailure         00000001800094c0 f   MSVCRTD:gs_report.obj
 0001:000085a0       __report_rangecheckfailure 00000001800095a0 f   MSVCRTD:gs_report.obj
 0001:000085c0       __report_securityfailure   00000001800095c0 f   MSVCRTD:gs_report.obj
 0001:00008660       __report_securityfailureEx 0000000180009660 f   MSVCRTD:gs_report.obj
 0001:000088c2       _purecall                  00000001800098c2 f   vcruntimed:VCRUNTIME140D.dll
 0001:000088c8       memset                     00000001800098c8 f   vcruntimed:VCRUNTIME140D.dll
 0001:000088ce       __std_type_info_name       00000001800098ce f   vcruntimed:VCRUNTIME140D.dll
 0001:000088d4       strstr                     00000001800098d4 f   vcruntimed:VCRUNTIME140D.dll
 0001:000088da       __std_type_info_destroy_list 00000001800098da f   vcruntimed:VCRUNTIME140D.dll
 0001:000088e0       __C_specific_handler       00000001800098e0 f   vcruntimed:VCRUNTIME140D.dll
 0001:000088e6       __current_exception        00000001800098e6 f   vcruntimed:VCRUNTIME140D.dll
 0001:000088ec       __current_exception_context 00000001800098ec f   vcruntimed:VCRUNTIME140D.dll
 0001:000088f2       __C_specific_handler_noexcept 00000001800098f2 f   vcruntimed:VCRUNTIME140D.dll
 0001:000088f8       __vcrt_GetModuleFileNameW  00000001800098f8 f   vcruntimed:VCRUNTIME140D.dll
 0001:000088fe       __vcrt_GetModuleHandleW    00000001800098fe f   vcruntimed:VCRUNTIME140D.dll
 0001:00008904       __vcrt_LoadLibraryExW      0000000180009904 f   vcruntimed:VCRUNTIME140D.dll
 0001:0000890a       memcpy                     000000018000990a f   vcruntimed:VCRUNTIME140D.dll
 0001:00008910       cosf                       0000000180009910 f   ucrtd:ucrtbased.dll
 0001:00008916       sinf                       0000000180009916 f   ucrtd:ucrtbased.dll
 0001:0000891c       _free_dbg                  000000018000991c f   ucrtd:ucrtbased.dll
 0001:00008922       _CrtDbgReport              0000000180009922 f   ucrtd:ucrtbased.dll
 0001:00008928       _CrtDbgReportW             0000000180009928 f   ucrtd:ucrtbased.dll
 0001:0000892e       _initterm                  000000018000992e f   ucrtd:ucrtbased.dll
 0001:00008934       _initterm_e                0000000180009934 f   ucrtd:ucrtbased.dll
 0001:0000893a       _seh_filter_dll            000000018000993a f   ucrtd:ucrtbased.dll
 0001:00008940       _configure_narrow_argv     0000000180009940 f   ucrtd:ucrtbased.dll
 0001:00008946       _initialize_narrow_environment 0000000180009946 f   ucrtd:ucrtbased.dll
 0001:0000894c       _initialize_onexit_table   000000018000994c f   ucrtd:ucrtbased.dll
 0001:00008952       _register_onexit_function  0000000180009952 f   ucrtd:ucrtbased.dll
 0001:00008958       _execute_onexit_table      0000000180009958 f   ucrtd:ucrtbased.dll
 0001:0000895e       _crt_atexit                000000018000995e f   ucrtd:ucrtbased.dll
 0001:00008964       _crt_at_quick_exit         0000000180009964 f   ucrtd:ucrtbased.dll
 0001:0000896a       _cexit                     000000018000996a f   ucrtd:ucrtbased.dll
 0001:00008970       terminate                  0000000180009970 f   ucrtd:ucrtbased.dll
 0001:00008976       strcpy_s                   0000000180009976 f   ucrtd:ucrtbased.dll
 0001:0000897c       strcat_s                   000000018000997c f   ucrtd:ucrtbased.dll
 0001:00008982       __stdio_common_vsprintf_s  0000000180009982 f   ucrtd:ucrtbased.dll
 0001:00008988       _wmakepath_s               0000000180009988 f   ucrtd:ucrtbased.dll
 0001:0000898e       _wsplitpath_s              000000018000998e f   ucrtd:ucrtbased.dll
 0001:00008994       wcscpy_s                   0000000180009994 f   ucrtd:ucrtbased.dll
 0001:0000899a       RaiseException             000000018000999a f   kernel32:KERNEL32.dll
 0001:000089a0       GetLastError               00000001800099a0 f   kernel32:KERNEL32.dll
 0001:000089a6       GetSystemInfo              00000001800099a6 f   kernel32:KERNEL32.dll
 0001:000089ac       VirtualProtect             00000001800099ac f   kernel32:KERNEL32.dll
 0001:000089b2       VirtualQuery               00000001800099b2 f   kernel32:KERNEL32.dll
 0001:000089b8       FreeLibrary                00000001800099b8 f   kernel32:KERNEL32.dll
 0001:000089be       GetModuleHandleW           00000001800099be f   kernel32:KERNEL32.dll
 0001:000089c4       GetProcAddress             00000001800099c4 f   kernel32:KERNEL32.dll
 0001:000089ca       LoadLibraryExA             00000001800099ca f   kernel32:KERNEL32.dll
 0001:000089d0       InitializeSListHead        00000001800099d0 f   kernel32:KERNEL32.dll
 0001:000089d6       QueryPerformanceCounter    00000001800099d6 f   kernel32:KERNEL32.dll
 0001:000089dc       GetCurrentProcessId        00000001800099dc f   kernel32:KERNEL32.dll
 0001:000089e2       GetCurrentThreadId         00000001800099e2 f   kernel32:KERNEL32.dll
 0001:000089e8       GetSystemTimeAsFileTime    00000001800099e8 f   kernel32:KERNEL32.dll
 0001:000089ee       DisableThreadLibraryCalls  00000001800099ee f   kernel32:KERNEL32.dll
 0001:000089f4       RtlCaptureContext          00000001800099f4 f   kernel32:KERNEL32.dll
 0001:000089fa       RtlLookupFunctionEntry     00000001800099fa f   kernel32:KERNEL32.dll
 0001:00008a00       RtlVirtualUnwind           0000000180009a00 f   kernel32:KERNEL32.dll
 0001:00008a06       IsDebuggerPresent          0000000180009a06 f   kernel32:KERNEL32.dll
 0001:00008a0c       UnhandledExceptionFilter   0000000180009a0c f   kernel32:KERNEL32.dll
 0001:00008a12       SetUnhandledExceptionFilter 0000000180009a12 f   kernel32:KERNEL32.dll
 0001:00008a18       GetStartupInfoW            0000000180009a18 f   kernel32:KERNEL32.dll
 0001:00008a1e       IsProcessorFeaturePresent  0000000180009a1e f   kernel32:KERNEL32.dll
 0001:00008a24       MultiByteToWideChar        0000000180009a24 f   kernel32:KERNEL32.dll
 0001:00008a2a       WideCharToMultiByte        0000000180009a2a f   kernel32:KERNEL32.dll
 0001:00008a30       HeapAlloc                  0000000180009a30 f   kernel32:KERNEL32.dll
 0001:00008a36       HeapFree                   0000000180009a36 f   kernel32:KERNEL32.dll
 0001:00008a3c       GetProcessHeap             0000000180009a3c f   kernel32:KERNEL32.dll
 0001:00008a42       GetCurrentProcess          0000000180009a42 f   kernel32:KERNEL32.dll
 0001:00008a48       TerminateProcess           0000000180009a48 f   kernel32:KERNEL32.dll
 0001:00008a50       __acrt_initialize          0000000180009a50 f   MSVCRTD:ucrt_stubs.obj
 0001:00008a50       __scrt_stub_for_acrt_initialize 0000000180009a50 f   MSVCRTD:ucrt_stubs.obj
 0001:00008a50       __vcrt_initialize          0000000180009a50 f   MSVCRTD:ucrt_stubs.obj
 0001:00008a60       __acrt_thread_attach       0000000180009a60 f   MSVCRTD:ucrt_stubs.obj
 0001:00008a60       __scrt_stub_for_acrt_thread_attach 0000000180009a60 f   MSVCRTD:ucrt_stubs.obj
 0001:00008a60       __vcrt_thread_attach       0000000180009a60 f   MSVCRTD:ucrt_stubs.obj
 0001:00008a70       __acrt_thread_detach       0000000180009a70 f   MSVCRTD:ucrt_stubs.obj
 0001:00008a70       __scrt_stub_for_acrt_thread_detach 0000000180009a70 f   MSVCRTD:ucrt_stubs.obj
 0001:00008a70       __vcrt_thread_detach       0000000180009a70 f   MSVCRTD:ucrt_stubs.obj
 0001:00008a80       __acrt_uninitialize        0000000180009a80 f   MSVCRTD:ucrt_stubs.obj
 0001:00008a80       __scrt_stub_for_acrt_uninitialize 0000000180009a80 f   MSVCRTD:ucrt_stubs.obj
 0001:00008a80       __vcrt_uninitialize        0000000180009a80 f   MSVCRTD:ucrt_stubs.obj
 0001:00008a90       __acrt_uninitialize_critical 0000000180009a90 f   MSVCRTD:ucrt_stubs.obj
 0001:00008a90       __scrt_stub_for_acrt_uninitialize_critical 0000000180009a90 f   MSVCRTD:ucrt_stubs.obj
 0001:00008a90       __vcrt_uninitialize_critical 0000000180009a90 f   MSVCRTD:ucrt_stubs.obj
 0001:00008aa0       __scrt_stub_for_is_c_termination_complete 0000000180009aa0 f   MSVCRTD:ucrt_stubs.obj
 0001:00008aa0       _is_c_termination_complete 0000000180009aa0 f   MSVCRTD:ucrt_stubs.obj
 0001:00008ac0       _guard_dispatch_icall_nop  0000000180009ac0 f   MSVCRTD:guard_dispatch.obj
 0001:00008ae0       _guard_xfg_dispatch_icall_nop 0000000180009ae0 f   MSVCRTD:guard_xfg_dispatch.obj
 0002:00000000       __imp_LoadLibraryA         000000018000a000     kernel32:KERNEL32.dll
 0002:00000008       __imp_GetCurrentProcess    000000018000a008     kernel32:KERNEL32.dll
 0002:00000010       __imp_GetProcessHeap       000000018000a010     kernel32:KERNEL32.dll
 0002:00000018       __imp_HeapFree             000000018000a018     kernel32:KERNEL32.dll
 0002:00000020       __imp_HeapAlloc            000000018000a020     kernel32:KERNEL32.dll
 0002:00000028       __imp_WideCharToMultiByte  000000018000a028     kernel32:KERNEL32.dll
 0002:00000030       __imp_MultiByteToWideChar  000000018000a030     kernel32:KERNEL32.dll
 0002:00000038       __imp_IsProcessorFeaturePresent 000000018000a038     kernel32:KERNEL32.dll
 0002:00000040       __imp_GetStartupInfoW      000000018000a040     kernel32:KERNEL32.dll
 0002:00000048       __imp_SetUnhandledExceptionFilter 000000018000a048     kernel32:KERNEL32.dll
 0002:00000050       __imp_UnhandledExceptionFilter 000000018000a050     kernel32:KERNEL32.dll
 0002:00000058       __imp_IsDebuggerPresent    000000018000a058     kernel32:KERNEL32.dll
 0002:00000060       __imp_RtlVirtualUnwind     000000018000a060     kernel32:KERNEL32.dll
 0002:00000068       __imp_RtlLookupFunctionEntry 000000018000a068     kernel32:KERNEL32.dll
 0002:00000070       __imp_RtlCaptureContext    000000018000a070     kernel32:KERNEL32.dll
 0002:00000078       __imp_DisableThreadLibraryCalls 000000018000a078     kernel32:KERNEL32.dll
 0002:00000080       __imp_GetSystemTimeAsFileTime 000000018000a080     kernel32:KERNEL32.dll
 0002:00000088       __imp_GetCurrentThreadId   000000018000a088     kernel32:KERNEL32.dll
 0002:00000090       __imp_GetCurrentProcessId  000000018000a090     kernel32:KERNEL32.dll
 0002:00000098       __imp_QueryPerformanceCounter 000000018000a098     kernel32:KERNEL32.dll
 0002:000000a0       __imp_InitializeSListHead  000000018000a0a0     kernel32:KERNEL32.dll
 0002:000000a8       __imp_LoadLibraryExA       000000018000a0a8     kernel32:KERNEL32.dll
 0002:000000b0       __imp_GetProcAddress       000000018000a0b0     kernel32:KERNEL32.dll
 0002:000000b8       __imp_GetModuleHandleW     000000018000a0b8     kernel32:KERNEL32.dll
 0002:000000c0       __imp_FreeLibrary          000000018000a0c0     kernel32:KERNEL32.dll
 0002:000000c8       __imp_VirtualQuery         000000018000a0c8     kernel32:KERNEL32.dll
 0002:000000d0       __imp_VirtualProtect       000000018000a0d0     kernel32:KERNEL32.dll
 0002:000000d8       __imp_GetSystemInfo        000000018000a0d8     kernel32:KERNEL32.dll
 0002:000000e0       __imp_GetLastError         000000018000a0e0     kernel32:KERNEL32.dll
 0002:000000e8       __imp_RaiseException       000000018000a0e8     kernel32:KERNEL32.dll
 0002:000000f0       __imp_TerminateProcess     000000018000a0f0     kernel32:KERNEL32.dll
 0002:000000f8       \177KERNEL32_NULL_THUNK_DATA 000000018000a0f8     kernel32:KERNEL32.dll
 0002:00000100       __imp___std_type_info_name 000000018000a100     vcruntimed:VCRUNTIME140D.dll
 0002:00000108       __imp_strstr               000000018000a108     vcruntimed:VCRUNTIME140D.dll
 0002:00000110       __imp___std_type_info_destroy_list 000000018000a110     vcruntimed:VCRUNTIME140D.dll
 0002:00000118       __imp___C_specific_handler 000000018000a118     vcruntimed:VCRUNTIME140D.dll
 0002:00000120       __imp___current_exception  000000018000a120     vcruntimed:VCRUNTIME140D.dll
 0002:00000128       __imp___current_exception_context 000000018000a128     vcruntimed:VCRUNTIME140D.dll
 0002:00000130       __imp___C_specific_handler_noexcept 000000018000a130     vcruntimed:VCRUNTIME140D.dll
 0002:00000138       __imp__purecall            000000018000a138     vcruntimed:VCRUNTIME140D.dll
 0002:00000140       __imp___vcrt_GetModuleFileNameW 000000018000a140     vcruntimed:VCRUNTIME140D.dll
 0002:00000148       __imp___vcrt_GetModuleHandleW 000000018000a148     vcruntimed:VCRUNTIME140D.dll
 0002:00000150       __imp___vcrt_LoadLibraryExW 000000018000a150     vcruntimed:VCRUNTIME140D.dll
 0002:00000158       __imp_memcpy               000000018000a158     vcruntimed:VCRUNTIME140D.dll
 0002:00000160       __imp_memset               000000018000a160     vcruntimed:VCRUNTIME140D.dll
 0002:00000168       \177VCRUNTIME140D_NULL_THUNK_DATA 000000018000a168     vcruntimed:VCRUNTIME140D.dll
 0002:00000170       __imp__seh_filter_dll      000000018000a170     ucrtd:ucrtbased.dll
 0002:00000178       __imp__initterm_e          000000018000a178     ucrtd:ucrtbased.dll
 0002:00000180       __imp__initterm            000000018000a180     ucrtd:ucrtbased.dll
 0002:00000188       __imp__initialize_narrow_environment 000000018000a188     ucrtd:ucrtbased.dll
 0002:00000190       __imp__CrtDbgReport        000000018000a190     ucrtd:ucrtbased.dll
 0002:00000198       __imp__free_dbg            000000018000a198     ucrtd:ucrtbased.dll
 0002:000001a0       __imp_sinf                 000000018000a1a0     ucrtd:ucrtbased.dll
 0002:000001a8       __imp_cosf                 000000018000a1a8     ucrtd:ucrtbased.dll
 0002:000001b0       __imp__configure_narrow_argv 000000018000a1b0     ucrtd:ucrtbased.dll
 0002:000001b8       __imp__initialize_onexit_table 000000018000a1b8     ucrtd:ucrtbased.dll
 0002:000001c0       __imp__register_onexit_function 000000018000a1c0     ucrtd:ucrtbased.dll
 0002:000001c8       __imp__execute_onexit_table 000000018000a1c8     ucrtd:ucrtbased.dll
 0002:000001d0       __imp__crt_atexit          000000018000a1d0     ucrtd:ucrtbased.dll
 0002:000001d8       __imp_wcscpy_s             000000018000a1d8     ucrtd:ucrtbased.dll
 0002:000001e0       __imp__wsplitpath_s        000000018000a1e0     ucrtd:ucrtbased.dll
 0002:000001e8       __imp__wmakepath_s         000000018000a1e8     ucrtd:ucrtbased.dll
 0002:000001f0       __imp__crt_at_quick_exit   000000018000a1f0     ucrtd:ucrtbased.dll
 0002:000001f8       __imp_strcat_s             000000018000a1f8     ucrtd:ucrtbased.dll
 0002:00000200       __imp_strcpy_s             000000018000a200     ucrtd:ucrtbased.dll
 0002:00000208       __imp_terminate            000000018000a208     ucrtd:ucrtbased.dll
 0002:00000210       __imp__CrtDbgReportW       000000018000a210     ucrtd:ucrtbased.dll
 0002:00000218       __imp__cexit               000000018000a218     ucrtd:ucrtbased.dll
 0002:00000220       __imp___stdio_common_vsprintf_s 000000018000a220     ucrtd:ucrtbased.dll
 0002:00000228       \177ucrtbased_NULL_THUNK_DATA 000000018000a228     ucrtd:ucrtbased.dll
 0002:00000230       __guard_check_icall_fptr   000000018000a230     MSVCRTD:guard_support.obj
 0002:00000238       __guard_xfg_check_icall_fptr 000000018000a238     MSVCRTD:guard_support.obj
 0002:00000240       __guard_dispatch_icall_fptr 000000018000a240     MSVCRTD:guard_support.obj
 0002:00000248       __guard_xfg_dispatch_icall_fptr 000000018000a248     MSVCRTD:guard_support.obj
 0002:00000250       __guard_xfg_table_dispatch_icall_fptr 000000018000a250     MSVCRTD:guard_support.obj
 0002:00000258       __castguard_check_failure_os_handled_fptr 000000018000a258     MSVCRTD:guard_support.obj
 0002:00000260       __guard_memcpy_fptr        000000018000a260     vcruntimed:softmemtag.obj
 0002:00000268       __xc_a                     000000018000a268     MSVCRTD:initializers.obj
 0002:000002a0       __xc_z                     000000018000a2a0     MSVCRTD:initializers.obj
 0002:000002a8       __xi_a                     000000018000a2a8     MSVCRTD:initializers.obj
 0002:000002b0       __xi_z                     000000018000a2b0     MSVCRTD:initializers.obj
 0002:000002b8       __xp_a                     000000018000a2b8     MSVCRTD:initializers.obj
 0002:000002c0       __xp_z                     000000018000a2c0     MSVCRTD:initializers.obj
 0002:000002c8       __xt_a                     000000018000a2c8     MSVCRTD:initializers.obj
 0002:000002d0       __xt_z                     000000018000a2d0     MSVCRTD:initializers.obj
 0002:000002e0       ?g_PXSinCoefficients0@aos@physx@@3UPX_VECTORF32@12@B 000000018000a2e0     Cooking.obj
 0002:000002f0       ?g_PXSinCoefficients1@aos@physx@@3UPX_VECTORF32@12@B 000000018000a2f0     Cooking.obj
 0002:00000300       ?g_PXSinCoefficients2@aos@physx@@3UPX_VECTORF32@12@B 000000018000a300     Cooking.obj
 0002:00000310       ?g_PXCosCoefficients0@aos@physx@@3UPX_VECTORF32@12@B 000000018000a310     Cooking.obj
 0002:00000320       ?g_PXCosCoefficients1@aos@physx@@3UPX_VECTORF32@12@B 000000018000a320     Cooking.obj
 0002:00000330       ?g_PXCosCoefficients2@aos@physx@@3UPX_VECTORF32@12@B 000000018000a330     Cooking.obj
 0002:00000340       ?g_PXReciprocalTwoPi@aos@physx@@3UPX_VECTORF32@12@B 000000018000a340     Cooking.obj
 0002:00000350       ?g_PXTwoPi@aos@physx@@3UPX_VECTORF32@12@B 000000018000a350     Cooking.obj
 0002:00000380       ??_7PxFoundation@physx@@6B@ 000000018000a380     Cooking.obj
 0002:000003f0       ??_7PxCooking@physx@@6B@   000000018000a3f0     Cooking.obj
 0002:000004c0       ??_7Cooking@physx@@6B@     000000018000a4c0     Cooking.obj
 0002:00000590       ??_C@_0DJ@KJOHOEOI@D?3?2Repos?2PhysX?2physx?2source?2phy@ 000000018000a590     Cooking.obj
 0002:000005d0       ??_C@_0CC@FEGBAHOK@?$CGfoundation?5?$DN?$DN?5?$CGPxGetFoundation@ 000000018000a5d0     Cooking.obj
 0002:000005f8       ??_C@_0BM@OIFKLHDN@?$DMallocation?5names?5disabled?$DO@ 000000018000a5f8     Cooking.obj
 0002:00000618       ??_C@_0DC@BCNNPFIE@D?3?2Repos?2PhysX?2physx?2include?2fo@ 000000018000a618     Cooking.obj
 0002:00000650       ??_C@_0BM@BMFMDKFG@this?9?$DOcapacity?$CI?$CJ?5?$DM?5capacity@ 000000018000a650     Cooking.obj
 0002:00000670       ??_C@_0CP@CPGGIPKL@?$CI?$CBcapacity?$CJ?5?$HM?$HM?5?$CInewData?5?$CG?$CG?5?$CInew@ 000000018000a670     Cooking.obj
 0002:000006a0       __real@3a83126f            000000018000a6a0     Cooking.obj
 0002:000006a4       __real@3f800000            000000018000a6a4     Cooking.obj
 0002:000006a8       __real@40490fdb            000000018000a6a8     Cooking.obj
 0002:000006ac       __real@40c90fdb            000000018000a6ac     Cooking.obj
 0002:000006b0       __real@ba83126f            000000018000a6b0     Cooking.obj
 0002:000006c0       __xmm@80000000800000008000000080000000 000000018000a6c0     Cooking.obj
 0002:000006d0       ??_C@_0BA@EGLNOO@PhysXFoundation@ 000000018000a6d0     WindowsCookingDelayLoadHook.obj
 0002:000006e0       ??_C@_0M@ILKNCJKN@PhysXCommon@ 000000018000a6e0     WindowsCookingDelayLoadHook.obj
 0002:000006f0       __sz_PhysXCommon_64_dll    000000018000a6f0     PhysXCommon_64:PhysXCommon_64.dll
 0002:00000710       __sz_PhysXFoundation_64_dll 000000018000a710     PhysXFoundation_64:PhysXFoundation_64.dll
 0002:00000728       ??_C@_1BK@DBDEIDLH@?$AAK?$AAE?$AAR?$AAN?$AAE?$AAL?$AA3?$AA2?$AA?4?$AAD?$AAL?$AAL@ 000000018000a728     Delayimp:delayhlp.obj
 0002:00000748       ??_C@_0BI@OMNLIJDB@AcquireSRWLockExclusive@ 000000018000a748     Delayimp:delayhlp.obj
 0002:00000760       ??_C@_0BI@HMIEPCNJ@ReleaseSRWLockExclusive@ 000000018000a760     Delayimp:delayhlp.obj
 0002:00000778       __pfnDliFailureHook2       000000018000a778     Delayimp:delayhk1.obj
 0002:00000788       ??_7type_info@@6B@         000000018000a788     MSVCRTD:std_type_info_static.obj
 0002:00000790       _pDefaultRawDllMain        000000018000a790     MSVCRTD:dll_dllmain.obj
 0002:00000790       _pRawDllMain               000000018000a790     MSVCRTD:dll_dllmain.obj
 0002:000007a0       _load_config_used          000000018000a7a0     MSVCRTD:loadcfg.obj
 0002:00000908       ??_C@_0BJ@HEGAHDFO@Stack?5pointer?5corruption@ 000000018000a908     MSVCRTD:userapi.obj
 0002:00000928       ??_C@_0CK@FEGOIOPB@Cast?5to?5smaller?5type?5causing?5lo@ 000000018000a928     MSVCRTD:userapi.obj
 0002:00000958       ??_C@_0BI@CIGMDCBH@Stack?5memory?5corruption@ 000000018000a958     MSVCRTD:userapi.obj
 0002:00000970       ??_C@_0CK@CNLNOEPB@Local?5variable?5used?5before?5init@ 000000018000a970     MSVCRTD:userapi.obj
 0002:000009a0       ??_C@_0BP@OGBCLIBO@Stack?5around?5_alloca?5corrupted@ 000000018000a9a0     MSVCRTD:userapi.obj
 0002:00000a80       ??_C@_0NN@JMPELKLB@The?5value?5of?5ESP?5was?5not?5proper@ 000000018000aa80     MSVCRTD:error.obj
 0002:00000b60       ??_C@_0BBN@ELNNILBE@A?5cast?5to?5a?5smaller?5data?5type?5h@ 000000018000ab60     MSVCRTD:error.obj
 0002:00000c80       ??_C@_0BN@BPOGFMJL@Stack?5memory?5was?5corrupted?$AN?6@ 000000018000ac80     MSVCRTD:error.obj
 0002:00000ca0       ??_C@_0DG@DAJCDLPN@A?5local?5variable?5was?5used?5befor@ 000000018000aca0     MSVCRTD:error.obj
 0002:00000cd8       ??_C@_0CM@JMIDGKLA@Stack?5memory?5around?5_alloca?5was@ 000000018000acd8     MSVCRTD:error.obj
 0002:00000d08       ??_C@_0BO@CHIONIOI@Unknown?5Runtime?5Check?5Error?$AN?6@ 000000018000ad08     MSVCRTD:error.obj
 0002:00000d30       ??_C@_1GM@CNOOJIHC@?$AAR?$AAu?$AAn?$AAt?$AAi?$AAm?$AAe?$AA?5?$AAC?$AAh?$AAe?$AAc?$AAk?$AA?5?$AAE@ 000000018000ad30     MSVCRTD:error.obj
 0002:00000da0       ??_C@_1EA@NFKNIFJP@?$AAR?$AAu?$AAn?$AA?9?$AAT?$AAi?$AAm?$AAe?$AA?5?$AAC?$AAh?$AAe?$AAc?$AAk?$AA?5@ 000000018000ada0     MSVCRTD:error.obj
 0002:00000de0       ??_C@_0BB@PFFGGCJP@Unknown?5Filename@ 000000018000ade0     MSVCRTD:error.obj
 0002:00000df8       ??_C@_0BE@GNBOBNCK@Unknown?5Module?5Name@ 000000018000adf8     MSVCRTD:error.obj
 0002:00000e10       ??_C@_0CA@IODNCDPG@Run?9Time?5Check?5Failure?5?$CD?$CFd?5?9?5?$CFs@ 000000018000ae10     MSVCRTD:error.obj
 0002:00000e30       ??_C@_0CG@IAFNJNEE@Stack?5corrupted?5near?5unknown?5va@ 000000018000ae30     MSVCRTD:error.obj
 0002:00000e58       ??_C@_05MKKEDADM@?$CF?42X?5@ 000000018000ae58     MSVCRTD:error.obj
 0002:00000e60       ??_C@_0EJ@LJKNEOLN@Stack?5area?5around?5_alloca?5memor@ 000000018000ae60     MSVCRTD:error.obj
 0002:00000eac       ??_C@_01EEMJAFIK@?6@       000000018000aeac     MSVCRTD:error.obj
 0002:00000eb0       ??_C@_02LLMPMKNF@?$DO?5@   000000018000aeb0     MSVCRTD:error.obj
 0002:00000eb8       ??_C@_08OMAHNMHJ@?6Data?3?5?$DM@ 000000018000aeb8     MSVCRTD:error.obj
 0002:00000ec8       ??_C@_0CK@DKGBICFE@?6Allocation?5number?5within?5this?5@ 000000018000aec8     MSVCRTD:error.obj
 0002:00000ef8       ??_C@_07DFDJCKFN@?6Size?3?5@ 000000018000aef8     MSVCRTD:error.obj
 0002:00000f00       ??_C@_0N@MHFFIMFG@?6Address?3?50x@ 000000018000af00     MSVCRTD:error.obj
 0002:00000f10       ??_C@_0EI@CLEPFNGI@Stack?5area?5around?5_alloca?5memor@ 000000018000af10     MSVCRTD:error.obj
 0002:00000f58       ??_C@_0BK@ODNDAGKB@?$CFs?$CFs?$CFp?$CFs?$CFzd?$CFs?$CFd?$CFs?$CFs?$CFs?$CFs?$CFs@ 000000018000af58     MSVCRTD:error.obj
 0002:00000f78       ??_C@_0DE@OHJBPMBP@A?5variable?5is?5being?5used?5withou@ 000000018000af78     MSVCRTD:error.obj
 0002:00001010       ??_C@_1EI@MLPKHBGE@?$AAa?$AAp?$AAi?$AA?9?$AAm?$AAs?$AA?9?$AAw?$AAi?$AAn?$AA?9?$AAc?$AAo?$AAr?$AAe@ 000000018000b010     MSVCRTD:pdblkup.obj
 0002:00001058       ??_C@_1BK@JHLNAEJL@?$AAa?$AAd?$AAv?$AAa?$AAp?$AAi?$AA3?$AA2?$AA?4?$AAd?$AAl?$AAl@ 000000018000b058     MSVCRTD:pdblkup.obj
 0002:00001078       ??_C@_0O@COHOBMLB@RegOpenKeyExW@ 000000018000b078     MSVCRTD:pdblkup.obj
 0002:00001088       ??_C@_0BB@GLNAEDBD@RegQueryValueExW@ 000000018000b088     MSVCRTD:pdblkup.obj
 0002:000010a0       ??_C@_0M@HLOHPNFA@RegCloseKey@ 000000018000b0a0     MSVCRTD:pdblkup.obj
 0002:000010b0       ??_C@_1HE@EBEAGLFB@?$AAS?$AAO?$AAF?$AAT?$AAW?$AAA?$AAR?$AAE?$AA?2?$AAW?$AAo?$AAw?$AA6?$AA4?$AA3@ 000000018000b0b0     MSVCRTD:pdblkup.obj
 0002:00001128       ??_C@_1BG@EABPBLLF@?$AAP?$AAr?$AAo?$AAd?$AAu?$AAc?$AAt?$AAD?$AAi?$AAr@ 000000018000b128     MSVCRTD:pdblkup.obj
 0002:00001160       ??_C@_1BC@JINFINNJ@?$AAM?$AAS?$AAP?$AAD?$AAB?$AA1?$AA4?$AA0@ 000000018000b160     MSVCRTD:pdblkup.obj
 0002:00001178       ??_C@_0BB@KCIACLNC@PDBOpenValidate5@ 000000018000b178     MSVCRTD:pdblkup.obj
 0002:0000118c       ??_C@_01KDCPPGHE@r@        000000018000b18c     MSVCRTD:pdblkup.obj
 0002:00001200       __CastGuardVftablesStart   000000018000b200     MSVCRTD:guard_support.obj
 0002:00001280       __CastGuardVftablesEnd     000000018000b280     MSVCRTD:guard_support.obj
 0002:00001300       ??_R4type_info@@6B@        000000018000b300     MSVCRTD:std_type_info_static.obj
 0002:00001328       ??_R3type_info@@8          000000018000b328     MSVCRTD:std_type_info_static.obj
 0002:00001340       ??_R2type_info@@8          000000018000b340     MSVCRTD:std_type_info_static.obj
 0002:00001350       ??_R1A@?0A@EA@type_info@@8 000000018000b350     MSVCRTD:std_type_info_static.obj
 0002:00001374       __volatile_metadata        000000018000b374     <linker-defined>
 0002:00001858       __rtc_iaa                  000000018000b858     MSVCRTD:initsect.obj
 0002:00001870       __rtc_izz                  000000018000b870     MSVCRTD:initsect.obj
 0002:00001878       __rtc_taa                  000000018000b878     MSVCRTD:initsect.obj
 0002:00001890       __rtc_tzz                  000000018000b890     MSVCRTD:initsect.obj
 0002:000022c4       __DELAY_IMPORT_DESCRIPTOR_physxcommon_64_dll 000000018000c2c4     PhysXCommon_64:PhysXCommon_64.dll
 0002:000022e4       __DELAY_IMPORT_DESCRIPTOR_physxfoundation_64_dll 000000018000c2e4     PhysXFoundation_64:PhysXFoundation_64.dll
 0002:00002304       __NULL_DELAY_IMPORT_DESCRIPTOR 000000018000c304     PhysXCommon_64:PhysXCommon_64.dll
 0002:000023e8       \177PhysXCommon_64_NULL_THUNK_DATA_DLN 000000018000c3e8     PhysXCommon_64:PhysXCommon_64.dll
 0002:00002418       \177PhysXFoundation_64_NULL_THUNK_DATA_DLN 000000018000c418     PhysXFoundation_64:PhysXFoundation_64.dll
 0002:00002728       \177PhysXCommon_64_NULL_THUNK_DATA_DLB 000000018000c728     PhysXCommon_64:PhysXCommon_64.dll
 0002:000027f0       \177PhysXFoundation_64_NULL_THUNK_DATA_DLB 000000018000c7f0     PhysXFoundation_64:PhysXFoundation_64.dll
 0002:00003624       __IMPORT_DESCRIPTOR_KERNEL32 000000018000d624     kernel32:KERNEL32.dll
 0002:00003638       __IMPORT_DESCRIPTOR_VCRUNTIME140D 000000018000d638     vcruntimed:VCRUNTIME140D.dll
 0002:0000364c       __IMPORT_DESCRIPTOR_ucrtbased 000000018000d64c     ucrtd:ucrtbased.dll
 0002:00003660       __NULL_IMPORT_DESCRIPTOR   000000018000d660     kernel32:KERNEL32.dll
 0003:00000000       __pfnDliNotifyHook2        000000018000e000     WindowsCookingDelayLoadHook.obj
 0003:00000008       _fltused                   000000018000e008     MSVCRTD:fltused.obj
 0003:0000000c       __scrt_native_dllmain_reason 000000018000e00c     MSVCRTD:utility.obj
 0003:00000010       __security_cookie_complement 000000018000e010     MSVCRTD:gs_cookie.obj
 0003:00000018       __security_cookie          000000018000e018     MSVCRTD:gs_cookie.obj
 0003:00000020       ?_RTC_ErrorLevels@@3PAHA   000000018000e020     MSVCRTD:error.obj
 0003:00000038       __isa_available            000000018000e038     MSVCRTD:cpu_disp.obj
 0003:0000003c       __isa_enabled              000000018000e03c     MSVCRTD:cpu_disp.obj
 0003:00000040       __memset_fast_string_threshold 000000018000e040     MSVCRTD:cpu_disp.obj
 0003:00000048       __memset_nt_threshold      000000018000e048     MSVCRTD:cpu_disp.obj
 0003:00000050       __scrt_ucrt_dll_is_in_use  000000018000e050     MSVCRTD:ucrt_stubs.obj
 0003:00000058       ??_R0?AVBVH@Gu@physx@@@8   000000018000e058     Cooking.obj
 0003:00000080       ??_R0?AVBV4TriangleMesh@Gu@physx@@@8 000000018000e080     Cooking.obj
 0003:000000b0       ??_R0?AVCooking@physx@@@8  000000018000e0b0     Cooking.obj
 0003:000000d8       ??_R0?AUSlab@NodeAllocator@Gu@physx@@@8 000000018000e0d8     Cooking.obj
 0003:00000110       ??_R0?AVtype_info@@@8      000000018000e110     MSVCRTD:std_type_info_static.obj
 0003:00000130       __imp_getInsertionCallback 000000018000e130     PhysXCommon_64:PhysXCommon_64.dll
 0003:00000138       __imp_??0BV4TriangleMesh@Gu@physx@@QEAA@AEBUPxTriangleMeshInternalData@2@@Z 000000018000e138     PhysXCommon_64:PhysXCommon_64.dll
 0003:00000140       __imp_cookBVH              000000018000e140     PhysXCommon_64:PhysXCommon_64.dll
 0003:00000148       __imp_createBVH            000000018000e148     PhysXCommon_64:PhysXCommon_64.dll
 0003:00000150       __imp_cookHeightField      000000018000e150     PhysXCommon_64:PhysXCommon_64.dll
 0003:00000158       __imp_createHeightField    000000018000e158     PhysXCommon_64:PhysXCommon_64.dll
 0003:00000160       __imp_cookConvexMesh       000000018000e160     PhysXCommon_64:PhysXCommon_64.dll
 0003:00000168       __imp_createConvexMesh     000000018000e168     PhysXCommon_64:PhysXCommon_64.dll
 0003:00000170       __imp_validateConvexMesh   000000018000e170     PhysXCommon_64:PhysXCommon_64.dll
 0003:00000178       __imp_computeHullPolygons  000000018000e178     PhysXCommon_64:PhysXCommon_64.dll
 0003:00000180       __imp_validateTriangleMesh 000000018000e180     PhysXCommon_64:PhysXCommon_64.dll
 0003:00000188       __imp_createTriangleMesh   000000018000e188     PhysXCommon_64:PhysXCommon_64.dll
 0003:00000190       __imp_cookTriangleMesh     000000018000e190     PhysXCommon_64:PhysXCommon_64.dll
 0003:00000198       __imp_cookTetrahedronMesh  000000018000e198     PhysXCommon_64:PhysXCommon_64.dll
 0003:000001a0       __imp_createTetrahedronMesh 000000018000e1a0     PhysXCommon_64:PhysXCommon_64.dll
 0003:000001a8       __imp_cookSoftBodyMesh     000000018000e1a8     PhysXCommon_64:PhysXCommon_64.dll
 0003:000001b0       __imp_createSoftBodyMesh   000000018000e1b0     PhysXCommon_64:PhysXCommon_64.dll
 0003:000001b8       __imp_computeModelsMapping 000000018000e1b8     PhysXCommon_64:PhysXCommon_64.dll
 0003:000001c0       __imp_computeCollisionData 000000018000e1c0     PhysXCommon_64:PhysXCommon_64.dll
 0003:000001c8       __imp_computeSimulationData 000000018000e1c8     PhysXCommon_64:PhysXCommon_64.dll
 0003:000001d0       __imp_assembleSoftBodyMesh 000000018000e1d0     PhysXCommon_64:PhysXCommon_64.dll
 0003:000001d8       __imp_assembleSoftBodyMesh_Sim 000000018000e1d8     PhysXCommon_64:PhysXCommon_64.dll
 0003:000001e0       __imp_?release@AABBTreeBounds@Gu@physx@@QEAAXXZ 000000018000e1e0     PhysXCommon_64:PhysXCommon_64.dll
 0003:000001e8       __imp_??0BVH@Gu@physx@@QEAA@AEBUPxBVHInternalData@2@@Z 000000018000e1e8     PhysXCommon_64:PhysXCommon_64.dll
 0003:000001f0       \177PhysXCommon_64_NULL_THUNK_DATA_DLA 000000018000e1f0     PhysXCommon_64:PhysXCommon_64.dll
 0003:000001f8       __imp_PxIncFoundationRefCount 000000018000e1f8     PhysXFoundation_64:PhysXFoundation_64.dll
 0003:00000200       __imp_PxGetFoundation      000000018000e200     PhysXFoundation_64:PhysXFoundation_64.dll
 0003:00000208       __imp_PxGetBroadcastAllocator 000000018000e208     PhysXFoundation_64:PhysXFoundation_64.dll
 0003:00000210       __imp_PxDecFoundationRefCount 000000018000e210     PhysXFoundation_64:PhysXFoundation_64.dll
 0003:00000218       __imp_?PxGetAssertHandler@physx@@YAAEAVPxAssertHandler@1@XZ 000000018000e218     PhysXFoundation_64:PhysXFoundation_64.dll
 0003:00000220       \177PhysXFoundation_64_NULL_THUNK_DATA_DLA 000000018000e220     PhysXFoundation_64:PhysXFoundation_64.dll
 0003:00000291       ?_ignore@?2??grow@?$PxArray@USlab@NodeAllocator@Gu@physx@@V?$PxReflectionAllocator@USlab@NodeAllocator@Gu@physx@@@4@@physx@@IEAAXI@Z@4_NA 000000018000e291     Cooking.obj
 0003:00000292       ?_ignore@?2??recreate@?$PxArray@USlab@NodeAllocator@Gu@physx@@V?$PxReflectionAllocator@USlab@NodeAllocator@Gu@physx@@@4@@physx@@IEAAXI@Z@4_NA 000000018000e292     Cooking.obj
 0003:000002a0       __hmod__PhysXCommon_64_dll 000000018000e2a0     PhysXCommon_64:PhysXCommon_64.dll
 0003:000002a8       __hmod__PhysXFoundation_64_dll 000000018000e2a8     PhysXFoundation_64:PhysXFoundation_64.dll
 0003:000002b0       ?DloadKernel32@@3PEAUHINSTANCE__@@EA 000000018000e2b0     Delayimp:delayhlp.obj
 0003:000002b8       ?DloadAcquireSRWLockExclusive@@3P6AXPEA_K@ZEA 000000018000e2b8     Delayimp:delayhlp.obj
 0003:000002c0       ?DloadReleaseSRWLockExclusive@@3P6AXPEA_K@ZEA 000000018000e2c0     Delayimp:delayhlp.obj
 0003:000002c8       ?DloadSrwLock@@3_KA        000000018000e2c8     Delayimp:delayhlp.obj
 0003:000002d0       ?DloadSectionLockCount@@3KA 000000018000e2d0     Delayimp:delayhlp.obj
 0003:000002d4       ?DloadSectionOldProtection@@3KA 000000018000e2d4     Delayimp:delayhlp.obj
 0003:000002d8       ?DloadSectionCommitPermanent@@3KA 000000018000e2d8     Delayimp:delayhlp.obj
 0003:000002e0       ?__type_info_root_node@@3U__type_info_node@@A 000000018000e2e0     MSVCRTD:tncleanup.obj
 0003:00000308       ?_OptionsStorage@?1??__local_stdio_printf_options@@9@4_KA 000000018000e308     MSVCRTD:default_local_stdio_options.obj
 0003:00000310       ?_OptionsStorage@?1??__local_stdio_scanf_options@@9@4_KA 000000018000e310     MSVCRTD:default_local_stdio_options.obj
 0003:00000318       __scrt_current_native_startup_state 000000018000e318     MSVCRTD:utility.obj
 0003:00000320       __scrt_native_startup_lock 000000018000e320     MSVCRTD:utility.obj
 0003:00000360       __scrt_debugger_hook_flag  000000018000e360     MSVCRTD:utility_desktop.obj
[...]
 0002:00001e0c       $unwind$?DloadReleaseSectionWriteAccess@@YAXXZ 000000018000be0c     Delayimp:delayhlp.obj
 0002:00001e14       $unwind$?PiddFromDllName@@YAPEBUImgDelayDescr@@PEBD@Z 000000018000be14     Delayimp:delayhlp.obj
 0002:00001e1c       $unwind$__delayLoadHelper2 000000018000be1c     Delayimp:delayhlp.obj
 0002:00001e38       $unwind$??3@YAXPEAX@Z      000000018000be38     MSVCRTD:delete_scalar.obj
 0002:00001e40       $unwind$??3@YAXPEAX_K@Z    000000018000be40     MSVCRTD:delete_scalar_size.obj
 0002:00001e48       $unwind$??_V@YAXPEAX@Z     000000018000be48     MSVCRTD:delete_array.obj
 0002:00001e50       $unwind$??_V@YAXPEAX_K@Z   000000018000be50     MSVCRTD:delete_array_size.obj
 0002:00001e58       $unwind$_RTC_Shutdown      000000018000be58     MSVCRTD:init.obj
 0002:00001e60       $unwind$_RTC_InitBase      000000018000be60     MSVCRTD:init.obj
 0002:00001e68       $unwind$??_Gtype_info@@UEAAPEAXI@Z 000000018000be68     MSVCRTD:std_type_info_static.obj
 0002:00001e70       $unwind$?__scrt_initialize_type_info@@YAXXZ 000000018000be70     MSVCRTD:tncleanup.obj
 0002:00001e78       $unwind$?__scrt_uninitialize_type_info@@YAXXZ 000000018000be78     MSVCRTD:tncleanup.obj
 0002:00001e80       $unwind$?dllmain_crt_process_attach@@YAHQEAUHINSTANCE__@@QEAX@Z 000000018000be80     MSVCRTD:dll_dllmain.obj
 0002:00001ea0       $unwind$?fin$0@?0??dllmain_crt_process_attach@@YAHQEAUHINSTANCE__@@QEAX@Z@4HA 000000018000bea0     MSVCRTD:dll_dllmain.obj
 0002:00001ea8       $unwind$?dllmain_crt_process_detach@@YAH_N@Z 000000018000bea8     MSVCRTD:dll_dllmain.obj
 0002:00001ed8       $unwind$?fin$0@?0??dllmain_crt_process_detach@@YAH_N@Z@4HA 000000018000bed8     MSVCRTD:dll_dllmain.obj
 0002:00001ee0       $unwind$?fin$1@?0??dllmain_crt_process_detach@@YAH_N@Z@4HA 000000018000bee0     MSVCRTD:dll_dllmain.obj
 0002:00001ee8       $unwind$?dllmain_crt_dispatch@@YAHQEAUHINSTANCE__@@KQEAX@Z 000000018000bee8     MSVCRTD:dll_dllmain.obj
 0002:00001ef0       $unwind$_CRT_INIT          000000018000bef0     MSVCRTD:dll_dllmain.obj
 0002:00001ef8       $unwind$?dllmain_raw@@YAHQEAUHINSTANCE__@@KQEAX@Z 000000018000bef8     MSVCRTD:dll_dllmain.obj
 0002:00001f00       $unwind$?dllmain_dispatch@@YAHQEAUHINSTANCE__@@KQEAX@Z 000000018000bf00     MSVCRTD:dll_dllmain.obj
 0002:00001f20       $unwind$?filt$0@?0??dllmain_dispatch@@YAHQEAUHINSTANCE__@@KQEAX@Z@4HA 000000018000bf20     MSVCRTD:dll_dllmain.obj
 0002:00001f28       $unwind$_DllMainCRTStartup 000000018000bf28     MSVCRTD:dll_dllmain.obj
 0002:00001f30       $unwind$ReadNoFence64      000000018000bf30     MSVCRTD:guard_support.obj
 0002:00001f38       $unwind$ReadPointerNoFence 000000018000bf38     MSVCRTD:guard_support.obj
 0002:00001f40       $unwind$_guard_icall_checks_enforced 000000018000bf40     MSVCRTD:guard_support.obj
 0002:00001f48       $unwind$__castguard_compat_check 000000018000bf48     MSVCRTD:guard_support.obj
 0002:00001f50       $unwind$__castguard_check_failure_os_handled_wrapper 000000018000bf50     MSVCRTD:guard_support.obj
 0002:00001f58       $unwind$__castguard_check_failure_debugbreak 000000018000bf58     MSVCRTD:guard_support.obj
 0002:00001f60       $unwind$__castguard_check_failure_fastfail 000000018000bf60     MSVCRTD:guard_support.obj
 0002:00001f68       $unwind$__castguard_check_failure_os_handled 000000018000bf68     MSVCRTD:guard_support.obj
 0002:00001f70       $unwind$__castguard_slow_path_compat_check 000000018000bf70     MSVCRTD:guard_support.obj
 0002:00001f78       $unwind$__castguard_slow_path_check_debugbreak 000000018000bf78     MSVCRTD:guard_support.obj
 0002:00001f80       $unwind$__castguard_slow_path_check_fastfail 000000018000bf80     MSVCRTD:guard_support.obj
 0002:00001f88       $unwind$__castguard_slow_path_check_os_handled 000000018000bf88     MSVCRTD:guard_support.obj
 0002:00001f90       $unwind$__security_init_cookie 000000018000bf90     MSVCRTD:gs_support.obj
 0002:00001f98       $unwind$__get_entropy      000000018000bf98     MSVCRTD:gs_support.obj
 0002:00001fa0       $unwind$DllMain            000000018000bfa0     MSVCRTD:dll_dllmain_stub.obj
 0002:00001fa8       $unwind$__scrt_initialize_default_local_stdio_options 000000018000bfa8     MSVCRTD:default_local_stdio_options.obj
 0002:00001fb0       $unwind$atexit             000000018000bfb0     MSVCRTD:utility.obj
 0002:00001fb8       $unwind$_onexit            000000018000bfb8     MSVCRTD:utility.obj
 0002:00001fc0       $unwind$at_quick_exit      000000018000bfc0     MSVCRTD:utility.obj
 0002:00001fc8       $unwind$__scrt_is_nonwritable_in_current_image 000000018000bfc8     MSVCRTD:utility.obj
 0002:00001fe8       $unwind$__scrt_is_nonwritable_in_current_image$filt$0 000000018000bfe8     MSVCRTD:utility.obj
 0002:00001ff0       $unwind$__scrt_acquire_startup_lock 000000018000bff0     MSVCRTD:utility.obj
 0002:00001ff8       $unwind$__scrt_release_startup_lock 000000018000bff8     MSVCRTD:utility.obj
 0002:00002000       $unwind$__scrt_initialize_crt 000000018000c000     MSVCRTD:utility.obj
 0002:00002008       $unwind$__scrt_uninitialize_crt 000000018000c008     MSVCRTD:utility.obj
 0002:00002010       $unwind$__scrt_initialize_onexit_tables 000000018000c010     MSVCRTD:utility.obj
 0002:0000201c       $unwind$__scrt_dllmain_exception_filter 000000018000c01c     MSVCRTD:utility.obj
 0002:00002024       $unwind$__scrt_dllmain_before_initialize_c 000000018000c024     MSVCRTD:utility.obj
 0002:0000202c       $unwind$__scrt_dllmain_after_initialize_c 000000018000c02c     MSVCRTD:utility.obj
 0002:00002034       $unwind$__scrt_dllmain_uninitialize_c 000000018000c034     MSVCRTD:utility.obj
 0002:0000203c       $unwind$__scrt_dllmain_uninitialize_critical 000000018000c03c     MSVCRTD:utility.obj
 0002:00002044       $unwind$__scrt_dllmain_crt_thread_attach 000000018000c044     MSVCRTD:utility.obj
 0002:0000204c       $unwind$__scrt_dllmain_crt_thread_detach 000000018000c04c     MSVCRTD:utility.obj
 0002:00002054       $unwind$?configure_argv@__scrt_narrow_argv_policy@@SAHXZ 000000018000c054     MSVCRTD:utility.obj
 0002:0000205c       $unwind$?initialize_environment@__scrt_narrow_environment_policy@@SAHXZ 000000018000c05c     MSVCRTD:utility.obj
 0002:00002064       $unwind$?is_potentially_valid_image_base@@YA_NQEAX@Z 000000018000c064     MSVCRTD:utility.obj
 0002:0000206c       $unwind$?find_pe_section@@YAPEAU_IMAGE_SECTION_HEADER@@QEAE_K@Z 000000018000c06c     MSVCRTD:utility.obj
 0002:00002074       $unwind$__scrt_get_show_window_mode 000000018000c074     MSVCRTD:utility_desktop.obj
 0002:00002080       $unwind$__scrt_is_managed_app 000000018000c080     MSVCRTD:utility_desktop.obj
 0002:00002088       $unwind$__scrt_initialize_mta 000000018000c088     MSVCRTD:utility_desktop.obj
 0002:00002090       $unwind$__scrt_set_unhandled_exception_filter 000000018000c090     MSVCRTD:utility_desktop.obj
 0002:00002098       $unwind$__scrt_fastfail    000000018000c098     MSVCRTD:utility_desktop.obj
 0002:000020a4       $unwind$__scrt_unhandled_exception_filter 000000018000c0a4     MSVCRTD:utility_desktop.obj
 0002:000020ac       $unwind$_RTC_Initialize    000000018000c0ac     MSVCRTD:initsect.obj
 0002:000020b8       $unwind$_RTC_Terminate     000000018000c0b8     MSVCRTD:initsect.obj
 0002:000020c8       $xdatasym                  000000018000c0c8     MSVCRTD:guard_dispatch.obj
 0002:000020d0       $xdatasym                  000000018000c0d0     MSVCRTD:guard_xfg_dispatch.obj
 0002:000020d4       $unwind$_RTC_UninitUse     000000018000c0d4     MSVCRTD:error.obj
 0002:000020ec       $unwind$?_RTC_StackFailure@@YAXPEAXPEBD@Z 000000018000c0ec     MSVCRTD:error.obj
 0002:00002108       $unwind$?_RTC_AllocaFailure@@YAXPEAXPEAU_RTC_ALLOCA_NODE@@H@Z 000000018000c108     MSVCRTD:error.obj
 0002:00002120       $chain$0$?_RTC_AllocaFailure@@YAXPEAXPEAU_RTC_ALLOCA_NODE@@H@Z 000000018000c120     MSVCRTD:error.obj
 0002:00002134       $chain$1$?_RTC_AllocaFailure@@YAXPEAXPEAU_RTC_ALLOCA_NODE@@H@Z 000000018000c134     MSVCRTD:error.obj
 0002:00002144       $unwind$_vsprintf_s_l      000000018000c144     MSVCRTD:error.obj
 0002:00002158       $unwind$sprintf_s          000000018000c158     MSVCRTD:error.obj
 0002:00002160       $unwind$?notify_debugger@@YAXAEBUtagEXCEPTION_VISUALCPP_DEBUG_INFO@@@Z 000000018000c160     MSVCRTD:error.obj
 0002:00002180       $unwind$?filt$0@?0??notify_debugger@@YAXAEBUtagEXCEPTION_VISUALCPP_DEBUG_INFO@@@Z@4HA 000000018000c180     MSVCRTD:error.obj
 0002:00002188       $unwind$?DebuggerProbe@@YA_NK@Z 000000018000c188     MSVCRTD:error.obj
 0002:00002190       $unwind$?DebuggerRuntime@@YA_NKHPEAXPEB_W@Z 000000018000c190     MSVCRTD:error.obj
 0002:00002198       $unwind$?failwithmessage@@YAXPEAXHHPEBD@Z 000000018000c198     MSVCRTD:error.obj
 0002:000021bc       $unwind$?_getMemBlockDataString@@YAXPEAD0PEBD_K@Z 000000018000c1bc     MSVCRTD:error.obj
 0002:000021cc       $chain$3$?_getMemBlockDataString@@YAXPEAD0PEBD_K@Z 000000018000c1cc     MSVCRTD:error.obj
 0002:000021ec       $chain$4$?_getMemBlockDataString@@YAXPEAD0PEBD_K@Z 000000018000c1ec     MSVCRTD:error.obj
 0002:000021fc       $unwind$__isa_available_init 000000018000c1fc     MSVCRTD:cpu_disp.obj
 0002:0000220c       $unwind$__scrt_is_ucrt_dll_in_use 000000018000c20c     MSVCRTD:ucrt_detection.obj
 0002:00002214       $unwind$?_RTC_GetSrcLine@@YAHPEAEPEA_WKPEAH1K@Z 000000018000c214     MSVCRTD:pdblkup.obj
 0002:0000222c       $unwind$?GetPdbDllFromInstallPath@@YAPEAUHINSTANCE__@@XZ 000000018000c22c     MSVCRTD:pdblkup.obj
 0002:00002250       $unwind$?GetPdbDllPathFromFilePath@@YAHPEB_WPEA_W_K@Z 000000018000c250     MSVCRTD:pdblkup.obj
 0002:00002268       $unwind$?GetPdbDll@@YAPEAUHINSTANCE__@@XZ 000000018000c268     MSVCRTD:pdblkup.obj
 0002:00002278       $unwind$__GSHandlerCheckCommon 000000018000c278     MSVCRTD:gshandler.obj
 0002:00002280       $unwind$__GSHandlerCheck   000000018000c280     MSVCRTD:gshandler.obj
 0002:00002288       $xdatasym                  000000018000c288     MSVCRTD:amdsecgs.obj
 0002:0000228c       $unwind$__report_securityfailure 000000018000c28c     MSVCRTD:gs_report.obj
 0002:00002294       $unwind$__report_securityfailureEx 000000018000c294     MSVCRTD:gs_report.obj
 0002:0000229c       $unwind$__report_rangecheckfailure 000000018000c29c     MSVCRTD:gs_report.obj
 0002:000022a4       $unwind$__report_gsfailure 000000018000c2a4     MSVCRTD:gs_report.obj
 0002:000022ac       $unwind$capture_current_context 000000018000c2ac     MSVCRTD:gs_report.obj
 0002:000022b4       $unwind$capture_previous_context 000000018000c2b4     MSVCRTD:gs_report.obj
 0002:000022bc       $unwind$__raise_securityfailure 000000018000c2bc     MSVCRTD:gs_report.obj
 0002:00002820       .edata                     000000018000c820     PhysXCooking_64.exp
 0002:00002848       rgpv                       000000018000c848     PhysXCooking_64.exp
 0002:00002960       rgszName                   000000018000c960     PhysXCooking_64.exp
 0002:00002a78       rgwOrd                     000000018000ca78     PhysXCooking_64.exp
 0002:00002b04       szName                     000000018000cb04     PhysXCooking_64.exp
 0002:00002b18       $N00001                    000000018000cb18     PhysXCooking_64.exp
 0002:00002b3c       $N00002                    000000018000cb3c     PhysXCooking_64.exp
 0002:00002b6b       $N00003                    000000018000cb6b     PhysXCooking_64.exp
 0002:00002b92       $N00004                    000000018000cb92     PhysXCooking_64.exp
 0002:00002be9       $N00005                    000000018000cbe9     PhysXCooking_64.exp
 0002:00002c14       $N00006                    000000018000cc14     PhysXCooking_64.exp
 0002:00002c3a       $N00007                    000000018000cc3a     PhysXCooking_64.exp
 0002:00002c59       $N00008                    000000018000cc59     PhysXCooking_64.exp
 0002:00002c8f       $N00009                    000000018000cc8f     PhysXCooking_64.exp
 0002:00002cb7       $N00010                    000000018000ccb7     PhysXCooking_64.exp
 0002:00002cdb       $N00011                    000000018000ccdb     PhysXCooking_64.exp
 0002:00002d02       $N00012                    000000018000cd02     PhysXCooking_64.exp
 0002:00002d2b       $N00013                    000000018000cd2b     PhysXCooking_64.exp
 0002:00002d4a       $N00014                    000000018000cd4a     PhysXCooking_64.exp
 0002:00002d7d       $N00015                    000000018000cd7d     PhysXCooking_64.exp
 0002:00002db3       $N00016                    000000018000cdb3     PhysXCooking_64.exp
 0002:00002deb       $N00017                    000000018000cdeb     PhysXCooking_64.exp
 0002:00002e1d       $N00018                    000000018000ce1d     PhysXCooking_64.exp
 0002:00002e49       $N00019                    000000018000ce49     PhysXCooking_64.exp
 0002:00002e83       $N00020                    000000018000ce83     PhysXCooking_64.exp
 0002:00002ec1       $N00021                    000000018000cec1     PhysXCooking_64.exp
 0002:00002efa       $N00022                    000000018000cefa     PhysXCooking_64.exp
 0002:00002f22       $N00023                    000000018000cf22     PhysXCooking_64.exp
 0002:00002f58       $N00024                    000000018000cf58     PhysXCooking_64.exp
 0002:00002f74       $N00025                    000000018000cf74     PhysXCooking_64.exp
 0002:00002f9e       $N00026                    000000018000cf9e     PhysXCooking_64.exp
 0002:00002fda       $N00027                    000000018000cfda     PhysXCooking_64.exp
 0002:00003015       $N00028                    000000018000d015     PhysXCooking_64.exp
 0002:00003050       $N00029                    000000018000d050     PhysXCooking_64.exp
 0002:00003085       $N00030                    000000018000d085     PhysXCooking_64.exp
 0002:000030c1       $N00031                    000000018000d0c1     PhysXCooking_64.exp
 0002:000030f4       $N00032                    000000018000d0f4     PhysXCooking_64.exp
 0002:00003127       $N00033                    000000018000d127     PhysXCooking_64.exp
 0002:00003161       $N00034                    000000018000d161     PhysXCooking_64.exp
 0002:0000319b       $N00035                    000000018000d19b     PhysXCooking_64.exp
 0002:000031c8       $N00036                    000000018000d1c8     PhysXCooking_64.exp
 0002:000031fb       $N00037                    000000018000d1fb     PhysXCooking_64.exp
 0002:00003243       $N00038                    000000018000d243     PhysXCooking_64.exp
 0002:00003283       $N00039                    000000018000d283     PhysXCooking_64.exp
 0002:000032b1       $N00040                    000000018000d2b1     PhysXCooking_64.exp
 0002:000032f1       $N00041                    000000018000d2f1     PhysXCooking_64.exp
 0002:00003332       $N00042                    000000018000d332     PhysXCooking_64.exp
 0002:0000335f       $N00043                    000000018000d35f     PhysXCooking_64.exp
 0002:0000339b       $N00044                    000000018000d39b     PhysXCooking_64.exp
 0002:000033d8       $N00045                    000000018000d3d8     PhysXCooking_64.exp
 0002:00003408       $N00046                    000000018000d408     PhysXCooking_64.exp
 0002:0000341f       $N00047                    000000018000d41f     PhysXCooking_64.exp
 0002:0000343a       $N00048                    000000018000d43a     PhysXCooking_64.exp
 0002:00003451       $N00049                    000000018000d451     PhysXCooking_64.exp
 0002:00003467       $N00050                    000000018000d467     PhysXCooking_64.exp
 0002:0000347e       $N00051                    000000018000d47e     PhysXCooking_64.exp
 0002:00003496       $N00052                    000000018000d496     PhysXCooking_64.exp
 0002:000034a0       $N00053                    000000018000d4a0     PhysXCooking_64.exp
 0002:000034b1       $N00054                    000000018000d4b1     PhysXCooking_64.exp
 0002:000034c3       $N00055                    000000018000d4c3     PhysXCooking_64.exp
 0002:000034d6       $N00056                    000000018000d4d6     PhysXCooking_64.exp
 0002:000034ec       $N00057                    000000018000d4ec     PhysXCooking_64.exp
 0002:000034ff       $N00058                    000000018000d4ff     PhysXCooking_64.exp
 0002:0000350b       $N00059                    000000018000d50b     PhysXCooking_64.exp
 0002:0000351f       $N00060                    000000018000d51f     PhysXCooking_64.exp
 0002:00003532       $N00061                    000000018000d532     PhysXCooking_64.exp
 0002:00003542       $N00062                    000000018000d542     PhysXCooking_64.exp
 0002:00003556       $N00063                    000000018000d556     PhysXCooking_64.exp
 0002:0000356b       $N00064                    000000018000d56b     PhysXCooking_64.exp
 0002:00003583       $N00065                    000000018000d583     PhysXCooking_64.exp
 0002:00003598       $N00066                    000000018000d598     PhysXCooking_64.exp
 0002:000035b5       $N00067                    000000018000d5b5     PhysXCooking_64.exp
 0002:000035d6       $N00068                    000000018000d5d6     PhysXCooking_64.exp
 0002:000035f5       $N00069                    000000018000d5f5     PhysXCooking_64.exp
 0002:0000360a       $N00070                    000000018000d60a     PhysXCooking_64.exp
 0002:000038b8       .idata$6                   000000018000d8b8     kernel32:KERNEL32.dll
 0002:000039d8       .idata$6                   000000018000d9d8     vcruntimed:VCRUNTIME140D.dll
 0002:00003b84       .idata$6                   000000018000db84     ucrtd:ucrtbased.dll
 0003:00000230       ?maxV3Error@vecMathTests@aos@physx@@3T__m128@@B 000000018000e230     Cooking.obj
 0003:00000240       ?minFError@vecMathTests@aos@physx@@3T__m128@@B 000000018000e240     Cooking.obj
 0003:00000250       ?maxV4Error@vecMathTests@aos@physx@@3T__m128@@B 000000018000e250     Cooking.obj
 0003:00000260       ?minV4Error@vecMathTests@aos@physx@@3T__m128@@B 000000018000e260     Cooking.obj
 0003:00000270       ?minV3Error@vecMathTests@aos@physx@@3T__m128@@B 000000018000e270     Cooking.obj
 0003:00000280       ?maxFError@vecMathTests@aos@physx@@3T__m128@@B 000000018000e280     Cooking.obj
 0003:00000290       ?_ignore@?2??PxCreateCooking@@9@4_NA 000000018000e290     Cooking.obj
 0003:00000298       ?gCookingDelayLoadHook@@3PEBVPxDelayLoadHook@physx@@EB 000000018000e298     WindowsCookingDelayLoadHook.obj
 0003:000002dc       ?init@?1??_RTC_InitBase@@9@4_NA 000000018000e2dc     MSVCRTD:init.obj
 0003:000002f0       ?__proc_attached@@3HA      000000018000e2f0     MSVCRTD:dll_dllmain.obj
 0003:000002f8       ?_RTC_ErrorReportFunc@@3P6AHHPEBDH00ZZEA 000000018000e2f8     MSVCRTD:userapi.obj
 0003:00000300       ?_RTC_ErrorReportFuncW@@3P6AHHPEB_WH00ZZEA 000000018000e300     MSVCRTD:userapi.obj
 0003:00000328       ?is_initialized_as_dll@@3_NA 000000018000e328     MSVCRTD:utility.obj
 0003:00000329       ?module_local_atexit_table_initialized@@3_NA 000000018000e329     MSVCRTD:utility.obj
 0003:00000330       ?module_local_atexit_table@@3U_onexit_table_t@@A 000000018000e330     MSVCRTD:utility.obj
 0003:00000348       ?module_local_at_quick_exit_table@@3U_onexit_table_t@@A 000000018000e348     MSVCRTD:utility.obj
 0003:00000368       ?mspdb@@3PEAUHINSTANCE__@@EA 000000018000e368     MSVCRTD:pdblkup.obj
 0003:00000370       ?alreadyTried@?1??GetPdbDll@@YAPEAUHINSTANCE__@@XZ@4_NA 000000018000e370     MSVCRTD:pdblkup.obj
 0003:00000371       ?PDBOK@?1??_RTC_GetSrcLine@@YAHPEAEPEA_WKPEAH1K@Z@4_NA 000000018000e371     MSVCRTD:pdblkup.obj
 0003:00000380       GS_ExceptionRecord         000000018000e380     MSVCRTD:gs_report.obj
 0003:00000420       GS_ContextRecord           000000018000e420     MSVCRTD:gs_report.obj
 0005:000000a0       $R000000                   00000001800100a0     PhysXCooking.res
 0005:000003d0       $R000330                   00000001800103d0     PhysXCooking.res
